Component: ARM Compiler 5.06 update 5 (build 528) Tool: armlink [4d35e2]

==============================================================================

Section Cross References

    startup_stm32f10x_md.o(STACK) refers (Special) to heapauxi.o(.text) for __use_two_region_memory
    startup_stm32f10x_md.o(HEAP) refers (Special) to heapauxi.o(.text) for __use_two_region_memory
    startup_stm32f10x_md.o(RESET) refers (Special) to heapauxi.o(.text) for __use_two_region_memory
    startup_stm32f10x_md.o(RESET) refers to startup_stm32f10x_md.o(STACK) for __initial_sp
    startup_stm32f10x_md.o(RESET) refers to startup_stm32f10x_md.o(.text) for Reset_Handler
    startup_stm32f10x_md.o(RESET) refers to stm32f10x_it.o(i.NMI_Handler) for NMI_Handler
    startup_stm32f10x_md.o(RESET) refers to stm32f10x_it.o(i.HardFault_Handler) for HardFault_Handler
    startup_stm32f10x_md.o(RESET) refers to stm32f10x_it.o(i.MemManage_Handler) for MemManage_Handler
    startup_stm32f10x_md.o(RESET) refers to stm32f10x_it.o(i.BusFault_Handler) for BusFault_Handler
    startup_stm32f10x_md.o(RESET) refers to stm32f10x_it.o(i.UsageFault_Handler) for UsageFault_Handler
    startup_stm32f10x_md.o(RESET) refers to stm32f10x_it.o(i.SVC_Handler) for SVC_Handler
    startup_stm32f10x_md.o(RESET) refers to stm32f10x_it.o(i.DebugMon_Handler) for DebugMon_Handler
    startup_stm32f10x_md.o(RESET) refers to stm32f10x_it.o(i.PendSV_Handler) for PendSV_Handler
    startup_stm32f10x_md.o(RESET) refers to stm32f10x_it.o(i.SysTick_Handler) for SysTick_Handler
    startup_stm32f10x_md.o(RESET) refers to main.o(i.TIM2_IRQHandler) for TIM2_IRQHandler
    startup_stm32f10x_md.o(.text) refers (Special) to heapauxi.o(.text) for __use_two_region_memory
    startup_stm32f10x_md.o(.text) refers to system_stm32f10x.o(i.SystemInit) for SystemInit
    startup_stm32f10x_md.o(.text) refers to __main.o(!!!main) for __main
    startup_stm32f10x_md.o(.text) refers to startup_stm32f10x_md.o(HEAP) for Heap_Mem
    startup_stm32f10x_md.o(.text) refers to startup_stm32f10x_md.o(STACK) for Stack_Mem
    system_stm32f10x.o(i.SetSysClock) refers to system_stm32f10x.o(i.SetSysClockTo72) for SetSysClockTo72
    system_stm32f10x.o(i.SystemCoreClockUpdate) refers to system_stm32f10x.o(.data) for SystemCoreClock
    system_stm32f10x.o(i.SystemInit) refers to system_stm32f10x.o(i.SetSysClock) for SetSysClock
    stm32f10x_adc.o(i.ADC_DeInit) refers to stm32f10x_rcc.o(i.RCC_APB2PeriphResetCmd) for RCC_APB2PeriphResetCmd
    stm32f10x_bkp.o(i.BKP_DeInit) refers to stm32f10x_rcc.o(i.RCC_BackupResetCmd) for RCC_BackupResetCmd
    stm32f10x_can.o(i.CAN_DeInit) refers to stm32f10x_rcc.o(i.RCC_APB1PeriphResetCmd) for RCC_APB1PeriphResetCmd
    stm32f10x_can.o(i.CAN_GetITStatus) refers to stm32f10x_can.o(i.CheckITStatus) for CheckITStatus
    stm32f10x_cec.o(i.CEC_DeInit) refers to stm32f10x_rcc.o(i.RCC_APB1PeriphResetCmd) for RCC_APB1PeriphResetCmd
    stm32f10x_dac.o(i.DAC_DeInit) refers to stm32f10x_rcc.o(i.RCC_APB1PeriphResetCmd) for RCC_APB1PeriphResetCmd
    stm32f10x_flash.o(i.FLASH_EnableWriteProtection) refers to stm32f10x_flash.o(i.FLASH_WaitForLastOperation) for FLASH_WaitForLastOperation
    stm32f10x_flash.o(i.FLASH_EraseAllBank1Pages) refers to stm32f10x_flash.o(i.FLASH_WaitForLastBank1Operation) for FLASH_WaitForLastBank1Operation
    stm32f10x_flash.o(i.FLASH_EraseAllPages) refers to stm32f10x_flash.o(i.FLASH_WaitForLastOperation) for FLASH_WaitForLastOperation
    stm32f10x_flash.o(i.FLASH_EraseOptionBytes) refers to stm32f10x_flash.o(i.FLASH_GetReadOutProtectionStatus) for FLASH_GetReadOutProtectionStatus
    stm32f10x_flash.o(i.FLASH_EraseOptionBytes) refers to stm32f10x_flash.o(i.FLASH_WaitForLastOperation) for FLASH_WaitForLastOperation
    stm32f10x_flash.o(i.FLASH_ErasePage) refers to stm32f10x_flash.o(i.FLASH_WaitForLastOperation) for FLASH_WaitForLastOperation
    stm32f10x_flash.o(i.FLASH_ProgramHalfWord) refers to stm32f10x_flash.o(i.FLASH_WaitForLastOperation) for FLASH_WaitForLastOperation
    stm32f10x_flash.o(i.FLASH_ProgramOptionByteData) refers to stm32f10x_flash.o(i.FLASH_WaitForLastOperation) for FLASH_WaitForLastOperation
    stm32f10x_flash.o(i.FLASH_ProgramWord) refers to stm32f10x_flash.o(i.FLASH_WaitForLastOperation) for FLASH_WaitForLastOperation
    stm32f10x_flash.o(i.FLASH_ReadOutProtection) refers to stm32f10x_flash.o(i.FLASH_WaitForLastOperation) for FLASH_WaitForLastOperation
    stm32f10x_flash.o(i.FLASH_UserOptionByteConfig) refers to stm32f10x_flash.o(i.FLASH_WaitForLastOperation) for FLASH_WaitForLastOperation
    stm32f10x_flash.o(i.FLASH_WaitForLastBank1Operation) refers to stm32f10x_flash.o(i.FLASH_GetBank1Status) for FLASH_GetBank1Status
    stm32f10x_flash.o(i.FLASH_WaitForLastOperation) refers to stm32f10x_flash.o(i.FLASH_GetBank1Status) for FLASH_GetBank1Status
    stm32f10x_gpio.o(i.GPIO_AFIODeInit) refers to stm32f10x_rcc.o(i.RCC_APB2PeriphResetCmd) for RCC_APB2PeriphResetCmd
[...]
    Removing stm32f10x_tim.o(i.TIM_UpdateRequestConfig), (24 bytes).
    Removing stm32f10x_usart.o(i.USART_ClearFlag), (18 bytes).
    Removing stm32f10x_usart.o(i.USART_ClearITPendingBit), (30 bytes).
    Removing stm32f10x_usart.o(i.USART_ClockInit), (34 bytes).
    Removing stm32f10x_usart.o(i.USART_ClockStructInit), (12 bytes).
    Removing stm32f10x_usart.o(i.USART_Cmd), (24 bytes).
    Removing stm32f10x_usart.o(i.USART_DMACmd), (18 bytes).
    Removing stm32f10x_usart.o(i.USART_DeInit), (156 bytes).
    Removing stm32f10x_usart.o(i.USART_GetFlagStatus), (26 bytes).
    Removing stm32f10x_usart.o(i.USART_GetITStatus), (84 bytes).
    Removing stm32f10x_usart.o(i.USART_HalfDuplexCmd), (24 bytes).
    Removing stm32f10x_usart.o(i.USART_ITConfig), (74 bytes).
    Removing stm32f10x_usart.o(i.USART_Init), (216 bytes).
    Removing stm32f10x_usart.o(i.USART_IrDACmd), (24 bytes).
    Removing stm32f10x_usart.o(i.USART_IrDAConfig), (18 bytes).
    Removing stm32f10x_usart.o(i.USART_LINBreakDetectLengthConfig), (18 bytes).
    Removing stm32f10x_usart.o(i.USART_LINCmd), (24 bytes).
    Removing stm32f10x_usart.o(i.USART_OneBitMethodCmd), (24 bytes).
    Removing stm32f10x_usart.o(i.USART_OverSampling8Cmd), (22 bytes).
    Removing stm32f10x_usart.o(i.USART_ReceiveData), (10 bytes).
    Removing stm32f10x_usart.o(i.USART_ReceiverWakeUpCmd), (24 bytes).
    Removing stm32f10x_usart.o(i.USART_SendBreak), (10 bytes).
    Removing stm32f10x_usart.o(i.USART_SendData), (8 bytes).
    Removing stm32f10x_usart.o(i.USART_SetAddress), (18 bytes).
    Removing stm32f10x_usart.o(i.USART_SetGuardTime), (16 bytes).
    Removing stm32f10x_usart.o(i.USART_SetPrescaler), (16 bytes).
    Removing stm32f10x_usart.o(i.USART_SmartCardCmd), (24 bytes).
    Removing stm32f10x_usart.o(i.USART_SmartCardNACKCmd), (24 bytes).
    Removing stm32f10x_usart.o(i.USART_StructInit), (24 bytes).
    Removing stm32f10x_usart.o(i.USART_WakeUpConfig), (18 bytes).
    Removing stm32f10x_wwdg.o(i.WWDG_ClearFlag), (12 bytes).
    Removing stm32f10x_wwdg.o(i.WWDG_DeInit), (22 bytes).
    Removing stm32f10x_wwdg.o(i.WWDG_Enable), (16 bytes).
    Removing stm32f10x_wwdg.o(i.WWDG_EnableIT), (12 bytes).
    Removing stm32f10x_wwdg.o(i.WWDG_GetFlagStatus), (12 bytes).
    Removing stm32f10x_wwdg.o(i.WWDG_SetCounter), (16 bytes).
    Removing stm32f10x_wwdg.o(i.WWDG_SetPrescaler), (24 bytes).
    Removing stm32f10x_wwdg.o(i.WWDG_SetWindowValue), (40 bytes).
    Removing delay.o(i.Delay_s), (24 bytes).
    Removing sys.o(.emb_text), (6 bytes).
    Removing sys.o(i.INTX_DISABLE), (4 bytes).
    Removing sys.o(i.INTX_ENABLE), (4 bytes).
    Removing sys.o(i.WFI_SET), (4 bytes).
    Removing buzzer.o(i.Buzzer_BeepPattern), (16 bytes).
    Removing imu660ra.o(i.IMU660RA_GetGyroZBias), (12 bytes).
    Removing imu660ra.o(i.IMU660RA_UpdateYaw), (136 bytes).
    Removing led.o(i.LED1_OFF), (16 bytes).
    Removing led.o(i.LED1_ON), (16 bytes).
    Removing led.o(i.LED1_Turn), (36 bytes).
    Removing led.o(i.LED2_OFF), (16 bytes).
    Removing led.o(i.LED2_ON), (16 bytes).
    Removing led.o(i.LED2_Turn), (36 bytes).
    Removing led.o(i.LED_Init), (52 bytes).
    Removing pid.o(i.Car_Get_Straight_Target), (12 bytes).
    Removing pid.o(i.Car_Go_Straight), (204 bytes).
    Removing pid.o(i.Car_Go_Straight_To_Target_Ramp), (196 bytes).
    Removing pid.o(i.Car_Turn_To_Yaw), (252 bytes).
    Removing pid.o(i.PID_Turn_Clear), (20 bytes).
    Removing sensor.o(i.SENSOR_GPIO_Config), (44 bytes).
    Removing oled.o(i.OLED_ShowBinNum), (62 bytes).
    Removing oled.o(i.OLED_ShowHexNum), (84 bytes).
    Removing oled.o(i.OLED_ShowNum), (68 bytes).

478 unused section(s) (total 19562 bytes) removed from the image.

==============================================================================

Image Symbol Table

    Local Symbols

    Symbol Name                              Value     Ov Type        Size  Object(Section)

    ../clib/angel/boardlib.s                 0x00000000   Number         0  boardinit1.o ABSOLUTE
    ../clib/angel/boardlib.s                 0x00000000   Number         0  boardinit2.o ABSOLUTE
    ../clib/angel/boardlib.s                 0x00000000   Number         0  boardinit3.o ABSOLUTE
    ../clib/angel/boardlib.s                 0x00000000   Number         0  boardshut.o ABSOLUTE
    ../clib/angel/handlers.s                 0x00000000   Number         0  __scatter_zi.o ABSOLUTE
    ../clib/angel/handlers.s                 0x00000000   Number         0  __scatter_copy.o ABSOLUTE
    ../clib/angel/kernel.s                   0x00000000   Number         0  __rtentry2.o ABSOLUTE
    ../clib/angel/kernel.s                   0x00000000   Number         0  __rtentry4.o ABSOLUTE
    ../clib/angel/kernel.s                   0x00000000   Number         0  __rtentry.o ABSOLUTE
    ../clib/angel/kernel.s                   0x00000000   Number         0  rtexit2.o ABSOLUTE
    ../clib/angel/kernel.s                   0x00000000   Number         0  rtexit.o ABSOLUTE
    ../clib/angel/rt.s                       0x00000000   Number         0  rt_raise.o ABSOLUTE
    ../clib/angel/scatter.s                  0x00000000   Number         0  __scatter.o ABSOLUTE
    ../clib/angel/startup.s                  0x00000000   Number         0  __main.o ABSOLUTE
    ../clib/angel/sys.s                      0x00000000   Number         0  sys_stackheap_outer.o ABSOLUTE
    ../clib/angel/sys.s                      0x00000000   Number         0  use_no_semi.o ABSOLUTE
    ../clib/angel/sys.s                      0x00000000   Number         0  indicate_semi.o ABSOLUTE
    ../clib/angel/sys.s                      0x00000000   Number         0  libspace.o ABSOLUTE
    ../clib/angel/sysapp.c                   0x00000000   Number         0  sys_command.o ABSOLUTE
    ../clib/angel/sysapp.c                   0x00000000   Number         0  sys_wrch.o ABSOLUTE
    ../clib/angel/sysapp.c                   0x00000000   Number         0  sys_exit.o ABSOLUTE
    ../clib/armsys.c                         0x00000000   Number         0  argv_veneer.o ABSOLUTE
    ../clib/armsys.c                         0x00000000   Number         0  argv_veneer.o ABSOLUTE
    ../clib/armsys.c                         0x00000000   Number         0  _get_argv_nomalloc.o ABSOLUTE
    ../clib/armsys.c                         0x00000000   Number         0  no_argv.o ABSOLUTE
    ../clib/heapalloc.c                      0x00000000   Number         0  hrguard.o ABSOLUTE
    ../clib/heapaux.c                        0x00000000   Number         0  heapauxi.o ABSOLUTE
    ../clib/libinit.s                        0x00000000   Number         0  libshutdown.o ABSOLUTE
    ../clib/libinit.s                        0x00000000   Number         0  libshutdown2.o ABSOLUTE
    ../clib/libinit.s                        0x00000000   Number         0  libinit.o ABSOLUTE
    ../clib/libinit.s                        0x00000000   Number         0  libinit2.o ABSOLUTE
    ../clib/signal.c                         0x00000000   Number         0  __raise.o ABSOLUTE
    ../clib/signal.c                         0x00000000   Number         0  defsig_segv_inner.o ABSOLUTE
    ../clib/signal.c                         0x00000000   Number         0  defsig_cppl_inner.o ABSOLUTE
    ../clib/signal.c                         0x00000000   Number         0  defsig_pvfn_inner.o ABSOLUTE
    ../clib/signal.c                         0x00000000   Number         0  defsig_stak_inner.o ABSOLUTE
    ../clib/signal.c                         0x00000000   Number         0  defsig_rtred_inner.o ABSOLUTE
    ../clib/signal.c                         0x00000000   Number         0  defsig_fpe_inner.o ABSOLUTE
    ../clib/signal.c                         0x00000000   Number         0  defsig_abrt_inner.o ABSOLUTE
    ../clib/signal.c                         0x00000000   Number         0  defsig_general.o ABSOLUTE
    ../clib/signal.c                         0x00000000   Number         0  defsig_other.o ABSOLUTE
    ../clib/signal.c                         0x00000000   Number         0  defsig_rtmem_inner.o ABSOLUTE
    ../clib/signal.c                         0x00000000   Number         0  defsig_rtmem_outer.o ABSOLUTE
    ../clib/signal.c                         0x00000000   Number         0  defsig_rtmem_formal.o ABSOLUTE
    ../clib/signal.c                         0x00000000   Number         0  defsig_exit.o ABSOLUTE
    ../clib/signal.s                         0x00000000   Number         0  defsig.o ABSOLUTE
    ../clib/stdlib.c                         0x00000000   Number         0  exit.o ABSOLUTE
    ../fplib/faddsub.s                       0x00000000   Number         0  faddsub_clz.o ABSOLUTE
    ../fplib/fcmpi.s                         0x00000000   Number         0  fcmpi.o ABSOLUTE
    ../fplib/fdiv.s                          0x00000000   Number         0  fdiv.o ABSOLUTE
    ../fplib/feqf.s                          0x00000000   Number         0  feqf.o ABSOLUTE
    ../fplib/ffix.s                          0x00000000   Number         0  ffix.o ABSOLUTE
    ../fplib/fflt.s                          0x00000000   Number         0  fflt_clz.o ABSOLUTE
    ../fplib/fleqf.s                         0x00000000   Number         0  fleqf.o ABSOLUTE
    ../fplib/fmul.s                          0x00000000   Number         0  fmul.o ABSOLUTE
    ../fplib/fnaninf.s                       0x00000000   Number         0  fnaninf.o ABSOLUTE
    ../fplib/fpinit.s                        0x00000000   Number         0  fpinit.o ABSOLUTE
    ../fplib/fretinf.s                       0x00000000   Number         0  fretinf.o ABSOLUTE
    ../fplib/frleqf.s                        0x00000000   Number         0  frleqf.o ABSOLUTE
    ../fplib/usenofp.s                       0x00000000   Number         0  usenofp.o ABSOLUTE
    Hardware\Buzzer.c                        0x00000000   Number         0  buzzer.o ABSOLUTE
    Hardware\IMU660RA.c                      0x00000000   Number         0  imu660ra.o ABSOLUTE
    Hardware\IMU660RA_CONFIG.c               0x00000000   Number         0  imu660ra_config.o ABSOLUTE
    Hardware\Key.c                           0x00000000   Number         0  key.o ABSOLUTE
    Hardware\LED.c                           0x00000000   Number         0  led.o ABSOLUTE
    Hardware\MyI2C.c                         0x00000000   Number         0  myi2c.o ABSOLUTE
    Hardware\OLED.c                          0x00000000   Number         0  oled.o ABSOLUTE
    Hardware\PID.c                           0x00000000   Number         0  pid.o ABSOLUTE
    Hardware\gpio.c                          0x00000000   Number         0  gpio.o ABSOLUTE
    Hardware\line.c                          0x00000000   Number         0  line.o ABSOLUTE
    Hardware\pwm.c                           0x00000000   Number         0  pwm.o ABSOLUTE
    Hardware\sensor.c                        0x00000000   Number         0  sensor.o ABSOLUTE
    Hardware\timer.c                         0x00000000   Number         0  timer.o ABSOLUTE
    dc.s                                     0x00000000   Number         0  dc.o ABSOLUTE
    libary\misc.c                            0x00000000   Number         0  misc.o ABSOLUTE
    libary\stm32f10x_adc.c                   0x00000000   Number         0  stm32f10x_adc.o ABSOLUTE
    libary\stm32f10x_bkp.c                   0x00000000   Number         0  stm32f10x_bkp.o ABSOLUTE
    libary\stm32f10x_can.c                   0x00000000   Number         0  stm32f10x_can.o ABSOLUTE
    libary\stm32f10x_cec.c                   0x00000000   Number         0  stm32f10x_cec.o ABSOLUTE
    libary\stm32f10x_crc.c                   0x00000000   Number         0  stm32f10x_crc.o ABSOLUTE
    libary\stm32f10x_dac.c                   0x00000000   Number         0  stm32f10x_dac.o ABSOLUTE
    libary\stm32f10x_dbgmcu.c                0x00000000   Number         0  stm32f10x_dbgmcu.o ABSOLUTE
    libary\stm32f10x_dma.c                   0x00000000   Number         0  stm32f10x_dma.o ABSOLUTE
    libary\stm32f10x_exti.c                  0x00000000   Number         0  stm32f10x_exti.o ABSOLUTE
    libary\stm32f10x_flash.c                 0x00000000   Number         0  stm32f10x_flash.o ABSOLUTE
    libary\stm32f10x_fsmc.c                  0x00000000   Number         0  stm32f10x_fsmc.o ABSOLUTE
    libary\stm32f10x_gpio.c                  0x00000000   Number         0  stm32f10x_gpio.o ABSOLUTE
    libary\stm32f10x_i2c.c                   0x00000000   Number         0  stm32f10x_i2c.o ABSOLUTE
    libary\stm32f10x_iwdg.c                  0x00000000   Number         0  stm32f10x_iwdg.o ABSOLUTE
    libary\stm32f10x_pwr.c                   0x00000000   Number         0  stm32f10x_pwr.o ABSOLUTE
    libary\stm32f10x_rcc.c                   0x00000000   Number         0  stm32f10x_rcc.o ABSOLUTE
    libary\stm32f10x_rtc.c                   0x00000000   Number         0  stm32f10x_rtc.o ABSOLUTE
    libary\stm32f10x_sdio.c                  0x00000000   Number         0  stm32f10x_sdio.o ABSOLUTE
    libary\stm32f10x_spi.c                   0x00000000   Number         0  stm32f10x_spi.o ABSOLUTE
    libary\stm32f10x_tim.c                   0x00000000   Number         0  stm32f10x_tim.o ABSOLUTE
    libary\stm32f10x_usart.c                 0x00000000   Number         0  stm32f10x_usart.o ABSOLUTE
    libary\stm32f10x_wwdg.c                  0x00000000   Number         0  stm32f10x_wwdg.o ABSOLUTE
    start\\core_cm3.c                        0x00000000   Number         0  core_cm3.o ABSOLUTE
    start\core_cm3.c                         0x00000000   Number         0  core_cm3.o ABSOLUTE
    start\startup_stm32f10x_md.s             0x00000000   Number         0  startup_stm32f10x_md.o ABSOLUTE
    start\system_stm32f10x.c                 0x00000000   Number         0  system_stm32f10x.o ABSOLUTE
    system\Delay.c                           0x00000000   Number         0  delay.o ABSOLUTE
    system\\sys.c                            0x00000000   Number         0  sys.o ABSOLUTE
    system\sys.c                             0x00000000   Number         0  sys.o ABSOLUTE
    user\main.c                              0x00000000   Number         0  main.o ABSOLUTE
    user\stm32f10x_it.c                      0x00000000   Number         0  stm32f10x_it.o ABSOLUTE
    RESET                                    0x08000000   Section      236  startup_stm32f10x_md.o(RESET)
    !!!main                                  0x080000ec   Section        8  __main.o(!!!main)
    !!!scatter                               0x080000f4   Section       52  __scatter.o(!!!scatter)
    !!handler_copy                           0x08000128   Section       26  __scatter_copy.o(!!handler_copy)
    !!handler_zi                             0x08000144   Section       28  __scatter_zi.o(!!handler_zi)
    .ARM.Collect$$libinit$$00000000          0x08000160   Section        2  libinit.o(.ARM.Collect$$libinit$$00000000)
    .ARM.Collect$$libinit$$00000002          0x08000162   Section        0  libinit2.o(.ARM.Collect$$libinit$$00000002)
    .ARM.Collect$$libinit$$00000004          0x08000162   Section        0  libinit2.o(.ARM.Collect$$libinit$$00000004)
    .ARM.Collect$$libinit$$0000000A          0x08000162   Section        0  libinit2.o(.ARM.Collect$$libinit$$0000000A)
    .ARM.Collect$$libinit$$0000000C          0x08000162   Section        0  libinit2.o(.ARM.Collect$$libinit$$0000000C)
    .ARM.Collect$$libinit$$0000000E          0x08000162   Section        0  libinit2.o(.ARM.Collect$$libinit$$0000000E)
    .ARM.Collect$$libinit$$00000011          0x08000162   Section        0  libinit2.o(.ARM.Collect$$libinit$$00000011)
    .ARM.Collect$$libinit$$00000013          0x08000162   Section        0  libinit2.o(.ARM.Collect$$libinit$$00000013)
    .ARM.Collect$$libinit$$00000015          0x08000162   Section        0  libinit2.o(.ARM.Collect$$libinit$$00000015)
    .ARM.Collect$$libinit$$00000017          0x08000162   Section        0  libinit2.o(.ARM.Collect$$libinit$$00000017)
    .ARM.Collect$$libinit$$00000019          0x08000162   Section        0  libinit2.o(.ARM.Collect$$libinit$$00000019)
    .ARM.Collect$$libinit$$0000001B          0x08000162   Section        0  libinit2.o(.ARM.Collect$$libinit$$0000001B)
    .ARM.Collect$$libinit$$0000001D          0x08000162   Section        0  libinit2.o(.ARM.Collect$$libinit$$0000001D)
    .ARM.Collect$$libinit$$0000001F          0x08000162   Section        0  libinit2.o(.ARM.Collect$$libinit$$0000001F)
    .ARM.Collect$$libinit$$00000021          0x08000162   Section        0  libinit2.o(.ARM.Collect$$libinit$$00000021)
    .ARM.Collect$$libinit$$00000023          0x08000162   Section        0  libinit2.o(.ARM.Collect$$libinit$$00000023)
    .ARM.Collect$$libinit$$00000025          0x08000162   Section        0  libinit2.o(.ARM.Collect$$libinit$$00000025)
    .ARM.Collect$$libinit$$0000002C          0x08000162   Section        0  libinit2.o(.ARM.Collect$$libinit$$0000002C)
    .ARM.Collect$$libinit$$0000002E          0x08000162   Section        0  libinit2.o(.ARM.Collect$$libinit$$0000002E)
    .ARM.Collect$$libinit$$00000030          0x08000162   Section        0  libinit2.o(.ARM.Collect$$libinit$$00000030)
    .ARM.Collect$$libinit$$00000032          0x08000162   Section        0  libinit2.o(.ARM.Collect$$libinit$$00000032)
    .ARM.Collect$$libinit$$00000033          0x08000162   Section        2  libinit2.o(.ARM.Collect$$libinit$$00000033)
    .ARM.Collect$$libshutdown$$00000000      0x08000164   Section        2  libshutdown.o(.ARM.Collect$$libshutdown$$00000000)
    .ARM.Collect$$libshutdown$$00000002      0x08000166   Section        0  libshutdown2.o(.ARM.Collect$$libshutdown$$00000002)
    .ARM.Collect$$libshutdown$$00000004      0x08000166   Section        0  libshutdown2.o(.ARM.Collect$$libshutdown$$00000004)
    .ARM.Collect$$libshutdown$$00000007      0x08000166   Section        0  libshutdown2.o(.ARM.Collect$$libshutdown$$00000007)
    .ARM.Collect$$libshutdown$$0000000A      0x08000166   Section        0  libshutdown2.o(.ARM.Collect$$libshutdown$$0000000A)
    .ARM.Collect$$libshutdown$$0000000C      0x08000166   Section        0  libshutdown2.o(.ARM.Collect$$libshutdown$$0000000C)
    .ARM.Collect$$libshutdown$$0000000F      0x08000166   Section        0  libshutdown2.o(.ARM.Collect$$libshutdown$$0000000F)
    .ARM.Collect$$libshutdown$$00000010      0x08000166   Section        2  libshutdown2.o(.ARM.Collect$$libshutdown$$00000010)
    .ARM.Collect$$rtentry$$00000000          0x08000168   Section        0  __rtentry.o(.ARM.Collect$$rtentry$$00000000)
    .ARM.Collect$$rtentry$$00000002          0x08000168   Section        0  __rtentry2.o(.ARM.Collect$$rtentry$$00000002)
    .ARM.Collect$$rtentry$$00000004          0x08000168   Section        6  __rtentry4.o(.ARM.Collect$$rtentry$$00000004)
    .ARM.Collect$$rtentry$$00000009          0x0800016e   Section        0  __rtentry2.o(.ARM.Collect$$rtentry$$00000009)
    .ARM.Collect$$rtentry$$0000000A          0x0800016e   Section        4  __rtentry2.o(.ARM.Collect$$rtentry$$0000000A)
    .ARM.Collect$$rtentry$$0000000C          0x08000172   Section        0  __rtentry2.o(.ARM.Collect$$rtentry$$0000000C)
    .ARM.Collect$$rtentry$$0000000D          0x08000172   Section        8  __rtentry2.o(.ARM.Collect$$rtentry$$0000000D)
    .ARM.Collect$$rtexit$$00000000           0x0800017a   Section        2  rtexit.o(.ARM.Collect$$rtexit$$00000000)
    .ARM.Collect$$rtexit$$00000002           0x0800017c   Section        0  rtexit2.o(.ARM.Collect$$rtexit$$00000002)
    .ARM.Collect$$rtexit$$00000003           0x0800017c   Section        4  rtexit2.o(.ARM.Collect$$rtexit$$00000003)
    .ARM.Collect$$rtexit$$00000004           0x08000180   Section        6  rtexit2.o(.ARM.Collect$$rtexit$$00000004)
    .text                                    0x08000188   Section       64  startup_stm32f10x_md.o(.text)
    .text                                    0x080001c8   Section        0  heapauxi.o(.text)
    .text                                    0x080001ce   Section       74  sys_stackheap_outer.o(.text)
    .text                                    0x08000218   Section        0  exit.o(.text)
    .text                                    0x0800022c   Section        8  libspace.o(.text)
    .text                                    0x08000234   Section        0  sys_exit.o(.text)
    .text                                    0x08000240   Section        2  use_no_semi.o(.text)
    .text                                    0x08000242   Section        0  indicate_semi.o(.text)
    i.Angle_Normalize                        0x08000244   Section        0  pid.o(i.Angle_Normalize)
    Angle_Normalize                          0x08000245   Thumb Code    52  pid.o(i.Angle_Normalize)
    i.BusFault_Handler                       0x08000284   Section        0  stm32f10x_it.o(i.BusFault_Handler)
    i.Buzzer_Beep                            0x08000288   Section        0  buzzer.o(i.Buzzer_Beep)
    i.Buzzer_Init                            0x080002b8   Section        0  buzzer.o(i.Buzzer_Init)
    i.Buzzer_Stop                            0x080002ec   Section        0  buzzer.o(i.Buzzer_Stop)
    i.Buzzer_Update                          0x08000310   Section        0  buzzer.o(i.Buzzer_Update)
    i.Car_Get_Angle                          0x08000340   Section        0  pid.o(i.Car_Get_Angle)
    i.Car_Go_Straight_To_Target              0x08000390   Section        0  pid.o(i.Car_Go_Straight_To_Target)
    i.Car_Lock_Current_Heading               0x08000458   Section        0  pid.o(i.Car_Lock_Current_Heading)
    i.Car_Reset_Angle                        0x0800046c   Section        0  pid.o(i.Car_Reset_Angle)
    i.Car_Run_StateMachine                   0x0800048c   Section        0  main.o(i.Car_Run_StateMachine)
    Car_Run_StateMachine                     0x0800048d   Thumb Code  1370  main.o(i.Car_Run_StateMachine)
    i.Car_Set_Straight_Target                0x08000a00   Section        0  pid.o(i.Car_Set_Straight_Target)
    i.Car_Update_Angle                       0x08000a0c   Section        0  pid.o(i.Car_Update_Angle)
    i.Check_BlackLine                        0x08000a10   Section        0  line.o(i.Check_BlackLine)
    i.DebugMon_Handler                       0x08000ab0   Section        0  stm32f10x_it.o(i.DebugMon_Handler)
    i.Delay_ms                               0x08000ab2   Section        0  delay.o(i.Delay_ms)
    i.Delay_us                               0x08000aca   Section        0  delay.o(i.Delay_us)
    i.GPIO_Init                              0x08000af8   Section        0  stm32f10x_gpio.o(i.GPIO_Init)
    i.GPIO_ReadInputDataBit                  0x08000c0e   Section        0  stm32f10x_gpio.o(i.GPIO_ReadInputDataBit)
    i.GPIO_ResetBits                         0x08000c20   Section        0  stm32f10x_gpio.o(i.GPIO_ResetBits)
    i.GPIO_SetBits                           0x08000c24   Section        0  stm32f10x_gpio.o(i.GPIO_SetBits)
    i.GPIO_WriteBit                          0x08000c28   Section        0  stm32f10x_gpio.o(i.GPIO_WriteBit)
    i.Gpio_Init                              0x08000c34   Section        0  gpio.o(i.Gpio_Init)
    i.HardFault_Handler                      0x08000c74   Section        0  stm32f10x_it.o(i.HardFault_Handler)
    i.IMU660RA_CalibrateGyroZ                0x08000c78   Section        0  imu660ra.o(i.IMU660RA_CalibrateGyroZ)
    i.IMU660RA_GetData                       0x08000cc4   Section        0  imu660ra.o(i.IMU660RA_GetData)
    i.IMU660RA_GetID                         0x08000d50   Section        0  imu660ra.o(i.IMU660RA_GetID)
    i.IMU660RA_GetYaw                        0x08000d5c   Section        0  imu660ra.o(i.IMU660RA_GetYaw)
    i.IMU660RA_Init                          0x08000d68   Section        0  imu660ra.o(i.IMU660RA_Init)
    i.IMU660RA_Kalman_Init                   0x08000e14   Section        0  imu660ra.o(i.IMU660RA_Kalman_Init)
    i.IMU660RA_ReadReg                       0x08000e48   Section        0  imu660ra.o(i.IMU660RA_ReadReg)
    IMU660RA_ReadReg                         0x08000e49   Thumb Code    62  imu660ra.o(i.IMU660RA_ReadReg)
    i.IMU660RA_ReadRegs                      0x08000e86   Section        0  imu660ra.o(i.IMU660RA_ReadRegs)
    IMU660RA_ReadRegs                        0x08000e87   Thumb Code    92  imu660ra.o(i.IMU660RA_ReadRegs)
    i.IMU660RA_UpdateYaw_Filtered            0x08000ee4   Section        0  imu660ra.o(i.IMU660RA_UpdateYaw_Filtered)
    i.IMU660RA_WriteReg                      0x080010c0   Section        0  imu660ra.o(i.IMU660RA_WriteReg)
    IMU660RA_WriteReg                        0x080010c1   Thumb Code    46  imu660ra.o(i.IMU660RA_WriteReg)
    i.IMU660RA_WriteRegs                     0x080010ee   Section        0  imu660ra.o(i.IMU660RA_WriteRegs)
    IMU660RA_WriteRegs                       0x080010ef   Thumb Code    64  imu660ra.o(i.IMU660RA_WriteRegs)
    i.IMU660ra_Calibrate                     0x08001130   Section        0  pid.o(i.IMU660ra_Calibrate)
    i.Kalman_SetAdaptiveQ                    0x08001164   Section        0  imu660ra.o(i.Kalman_SetAdaptiveQ)
    Kalman_SetAdaptiveQ                      0x08001165   Thumb Code    66  imu660ra.o(i.Kalman_SetAdaptiveQ)
    i.Kalman_Update                          0x080011bc   Section        0  imu660ra.o(i.Kalman_Update)
    Kalman_Update                            0x080011bd   Thumb Code   138  imu660ra.o(i.Kalman_Update)
    i.Key_GetNum                             0x0800125c   Section        0  key.o(i.Key_GetNum)
    i.Key_Init                               0x08001308   Section        0  key.o(i.Key_Init)
    i.Key_Scan                               0x08001350   Section        0  main.o(i.Key_Scan)
    Key_Scan                                 0x08001351   Thumb Code   246  main.o(i.Key_Scan)
    i.MemManage_Handler                      0x08001488   Section        0  stm32f10x_it.o(i.MemManage_Handler)
    i.MyI2C_Init                             0x0800148c   Section        0  myi2c.o(i.MyI2C_Init)
    i.MyI2C_R_SDA                            0x080014c4   Section        0  myi2c.o(i.MyI2C_R_SDA)
    i.MyI2C_ReceiveAck                       0x080014e0   Section        0  myi2c.o(i.MyI2C_ReceiveAck)
    i.MyI2C_ReceiveByte                      0x080014fe   Section        0  myi2c.o(i.MyI2C_ReceiveByte)
    i.MyI2C_SendAck                          0x08001530   Section        0  myi2c.o(i.MyI2C_SendAck)
    i.MyI2C_SendByte                         0x08001548   Section        0  myi2c.o(i.MyI2C_SendByte)
    i.MyI2C_Start                            0x0800157a   Section        0  myi2c.o(i.MyI2C_Start)
    i.MyI2C_Stop                             0x08001596   Section        0  myi2c.o(i.MyI2C_Stop)
    i.MyI2C_W_SCL                            0x080015ac   Section        0  myi2c.o(i.MyI2C_W_SCL)
    i.MyI2C_W_SDA                            0x080015c8   Section        0  myi2c.o(i.MyI2C_W_SDA)
    i.NMI_Handler                            0x080015e4   Section        0  stm32f10x_it.o(i.NMI_Handler)
    i.NVIC_Init                              0x080015e8   Section        0  misc.o(i.NVIC_Init)
    i.NVIC_PriorityGroupConfig               0x08001658   Section        0  misc.o(i.NVIC_PriorityGroupConfig)
    i.OLED_Clear                             0x0800166c   Section        0  oled.o(i.OLED_Clear)
    i.OLED_DisplayYaw                        0x08001696   Section        0  main.o(i.OLED_DisplayYaw)
    OLED_DisplayYaw                          0x08001697   Thumb Code    30  main.o(i.OLED_DisplayYaw)
    i.OLED_I2C_Init                          0x080016b4   Section        0  oled.o(i.OLED_I2C_Init)
    i.OLED_I2C_SendByte                      0x08001704   Section        0  oled.o(i.OLED_I2C_SendByte)
    i.OLED_I2C_Start                         0x08001760   Section        0  oled.o(i.OLED_I2C_Start)
    i.OLED_I2C_Stop                          0x08001794   Section        0  oled.o(i.OLED_I2C_Stop)
    i.OLED_Init                              0x080017bc   Section        0  oled.o(i.OLED_Init)
    i.OLED_Pow                               0x0800186a   Section        0  oled.o(i.OLED_Pow)
    i.OLED_SetCursor                         0x0800187e   Section        0  oled.o(i.OLED_SetCursor)
    i.OLED_ShowChar                          0x080018a0   Section        0  oled.o(i.OLED_ShowChar)
    i.OLED_ShowSignedNum                     0x08001914   Section        0  oled.o(i.OLED_ShowSignedNum)
    i.OLED_ShowString                        0x0800197a   Section        0  oled.o(i.OLED_ShowString)
    i.OLED_WriteCommand                      0x080019a2   Section        0  oled.o(i.OLED_WriteCommand)
    i.OLED_WriteData                         0x080019c2   Section        0  oled.o(i.OLED_WriteData)
    i.PID_Calc                               0x080019e4   Section        0  pid.o(i.PID_Calc)
    PID_Calc                                 0x080019e5   Thumb Code    18  pid.o(i.PID_Calc)
    i.PID_Calc_Generic                       0x080019fc   Section        0  pid.o(i.PID_Calc_Generic)
    PID_Calc_Generic                         0x080019fd   Thumb Code   126  pid.o(i.PID_Calc_Generic)
    i.PID_Clear                              0x08001a84   Section        0  pid.o(i.PID_Clear)
    PID_Clear                                0x08001a85   Thumb Code    14  pid.o(i.PID_Clear)
    i.PID_Init                               0x08001a98   Section        0  pid.o(i.PID_Init)
    PID_Init                                 0x08001a99   Thumb Code    28  pid.o(i.PID_Init)
    i.PID_Turn_Init                          0x08001ab8   Section        0  pid.o(i.PID_Turn_Init)
    PID_Turn_Init                            0x08001ab9   Thumb Code    28  pid.o(i.PID_Turn_Init)
    i.PWM_Init                               0x08001ad8   Section        0  pwm.o(i.PWM_Init)
    i.PendSV_Handler                         0x08001b90   Section        0  stm32f10x_it.o(i.PendSV_Handler)
    i.RCC_APB1PeriphClockCmd                 0x08001b94   Section        0  stm32f10x_rcc.o(i.RCC_APB1PeriphClockCmd)
    i.RCC_APB2PeriphClockCmd                 0x08001bb4   Section        0  stm32f10x_rcc.o(i.RCC_APB2PeriphClockCmd)
    i.SVC_Handler                            0x08001bd4   Section        0  stm32f10x_it.o(i.SVC_Handler)
    i.SetSysClock                            0x08001bd6   Section        0  system_stm32f10x.o(i.SetSysClock)
    SetSysClock                              0x08001bd7   Thumb Code     8  system_stm32f10x.o(i.SetSysClock)
    i.SetSysClockTo72                        0x08001be0   Section        0  system_stm32f10x.o(i.SetSysClockTo72)
    SetSysClockTo72                          0x08001be1   Thumb Code   214  system_stm32f10x.o(i.SetSysClockTo72)
    i.Set_PWM                                0x08001cc0   Section        0  pwm.o(i.Set_PWM)
    i.SysTick_Handler                        0x08001d58   Section        0  stm32f10x_it.o(i.SysTick_Handler)
    i.SystemClock_Config                     0x08001d5a   Section        0  main.o(i.SystemClock_Config)
    SystemClock_Config                       0x08001d5b   Thumb Code     8  main.o(i.SystemClock_Config)
    i.SystemInit                             0x08001d64   Section        0  system_stm32f10x.o(i.SystemInit)
    i.TIM2_IRQHandler                        0x08001dc4   Section        0  main.o(i.TIM2_IRQHandler)
    i.TIM2_Init                              0x08001de4   Section        0  main.o(i.TIM2_Init)
    TIM2_Init                                0x08001de5   Thumb Code    90  main.o(i.TIM2_Init)
    i.TIM_ARRPreloadConfig                   0x08001e3e   Section        0  stm32f10x_tim.o(i.TIM_ARRPreloadConfig)
    i.TIM_ClearITPendingBit                  0x08001e56   Section        0  stm32f10x_tim.o(i.TIM_ClearITPendingBit)
    i.TIM_Cmd                                0x08001e5c   Section        0  stm32f10x_tim.o(i.TIM_Cmd)
    i.TIM_CtrlPWMOutputs                     0x08001e74   Section        0  stm32f10x_tim.o(i.TIM_CtrlPWMOutputs)
    i.TIM_GetITStatus                        0x08001e92   Section        0  stm32f10x_tim.o(i.TIM_GetITStatus)
    i.TIM_ITConfig                           0x08001eb4   Section        0  stm32f10x_tim.o(i.TIM_ITConfig)
    i.TIM_OC2Init                            0x08001ec8   Section        0  stm32f10x_tim.o(i.TIM_OC2Init)
    i.TIM_OC2PreloadConfig                   0x08001f6c   Section        0  stm32f10x_tim.o(i.TIM_OC2PreloadConfig)
    i.TIM_OC3Init                            0x08001f88   Section        0  stm32f10x_tim.o(i.TIM_OC3Init)
    i.TIM_OC3PreloadConfig                   0x08002028   Section        0  stm32f10x_tim.o(i.TIM_OC3PreloadConfig)
    i.TIM_SetCompare2                        0x0800203a   Section        0  stm32f10x_tim.o(i.TIM_SetCompare2)
    i.TIM_SetCompare3                        0x0800203e   Section        0  stm32f10x_tim.o(i.TIM_SetCompare3)
    i.TIM_TimeBaseInit                       0x08002044   Section        0  stm32f10x_tim.o(i.TIM_TimeBaseInit)
    i.Timer_Check                            0x080020e8   Section        0  main.o(i.Timer_Check)
    Timer_Check                              0x080020e9   Thumb Code    48  main.o(i.Timer_Check)
    i.Timer_Start                            0x08002120   Section        0  main.o(i.Timer_Start)
    Timer_Start                              0x08002121   Thumb Code    22  main.o(i.Timer_Start)
    i.UsageFault_Handler                     0x08002140   Section        0  stm32f10x_it.o(i.UsageFault_Handler)
    i.digtal                                 0x08002144   Section        0  sensor.o(i.digtal)
    i.main                                   0x080021f4   Section        0  main.o(i.main)
    i.track_zhixian1                         0x080022dc   Section        0  line.o(i.track_zhixian1)
    x$fpl$fadd                               0x08002468   Section      196  faddsub_clz.o(x$fpl$fadd)
    _fadd1                                   0x08002477   Thumb Code     0  faddsub_clz.o(x$fpl$fadd)
    x$fpl$fcmpinf                            0x0800252c   Section       24  fcmpi.o(x$fpl$fcmpinf)
    x$fpl$fdiv                               0x08002544   Section      388  fdiv.o(x$fpl$fdiv)
    _fdiv1                                   0x08002545   Thumb Code     0  fdiv.o(x$fpl$fdiv)
    x$fpl$ffix                               0x080026c8   Section       54  ffix.o(x$fpl$ffix)
    x$fpl$fflt                               0x08002700   Section       48  fflt_clz.o(x$fpl$fflt)
    x$fpl$fleqf                              0x08002730   Section      104  fleqf.o(x$fpl$fleqf)
    x$fpl$fmul                               0x08002798   Section      258  fmul.o(x$fpl$fmul)
    x$fpl$fnaninf                            0x0800289a   Section      140  fnaninf.o(x$fpl$fnaninf)
    x$fpl$fretinf                            0x08002926   Section       10  fretinf.o(x$fpl$fretinf)
    x$fpl$frleqf                             0x08002930   Section       98  frleqf.o(x$fpl$frleqf)
    x$fpl$fsub                               0x08002994   Section      234  faddsub_clz.o(x$fpl$fsub)
    _fsub1                                   0x080029a3   Thumb Code     0  faddsub_clz.o(x$fpl$fsub)
    .constdata                               0x08002a7e   Section     8192  imu660ra_config.o(.constdata)
    x$fpl$usenofp                            0x08002a7e   Section        0  usenofp.o(x$fpl$usenofp)
    .constdata                               0x08004a7e   Section     1520  oled.o(.constdata)
    .data                                    0x20000000   Section       32  main.o(.data)
    oled_disp_counter                        0x20000019   Data           1  main.o(.data)
    task_timer                               0x2000001c   Data           2  main.o(.data)
    timer_active                             0x2000001e   Data           1  main.o(.data)
    .data                                    0x20000020   Section        3  buzzer.o(.data)
    buzzer_remain_ms                         0x20000020   Data           2  buzzer.o(.data)
    buzzer_busy                              0x20000022   Data           1  buzzer.o(.data)
    .data                                    0x20000024   Section       39  imu660ra.o(.data)
    gyro_z_bias                              0x20000024   Data           2  imu660ra.o(.data)
    Yaw                                      0x20000028   Data           4  imu660ra.o(.data)
    kalman_x                                 0x20000030   Data           4  imu660ra.o(.data)
    kalman_P                                 0x20000034   Data           4  imu660ra.o(.data)
    kalman_Q                                 0x20000038   Data           4  imu660ra.o(.data)
    kalman_R                                 0x2000003c   Data           4  imu660ra.o(.data)
    kalman_first                             0x20000040   Data           1  imu660ra.o(.data)
    zupt_count                               0x20000041   Data           1  imu660ra.o(.data)
    bias_correction                          0x20000044   Data           4  imu660ra.o(.data)
    was_stationary                           0x20000048   Data           1  imu660ra.o(.data)
    turn_cooldown                            0x20000049   Data           1  imu660ra.o(.data)
    was_turning                              0x2000004a   Data           1  imu660ra.o(.data)
    .data                                    0x2000004c   Section        4  key.o(.data)
    key_state                                0x2000004c   Data           1  key.o(.data)
    key_debounce                             0x2000004e   Data           2  key.o(.data)
    .data                                    0x20000050   Section       22  line.o(.data)
    line_kp                                  0x20000050   Data           4  line.o(.data)
    line_ki                                  0x20000054   Data           4  line.o(.data)
    line_kd                                  0x20000058   Data           4  line.o(.data)
    line_integral                            0x2000005c   Data           4  line.o(.data)
    line_last_error                          0x20000060   Data           4  line.o(.data)
    black_cnt                                0x20000064   Data           1  line.o(.data)
    black_state                              0x20000065   Data           1  line.o(.data)
    .data                                    0x20000068   Section       24  pid.o(.data)
    straight_target_angle                    0x20000068   Data           4  pid.o(.data)
    yaw_offset                               0x2000006c   Data           4  pid.o(.data)
    last_target_speed                        0x20000070   Data           4  pid.o(.data)
    last_target_yaw                          0x20000074   Data           4  pid.o(.data)
    current_step                             0x20000078   Data           4  pid.o(.data)
    current_speed                            0x2000007c   Data           4  pid.o(.data)
    .bss                                     0x20000080   Section       72  pid.o(.bss)
    PID_Str                                  0x20000080   Data          36  pid.o(.bss)
    PID_Turn                                 0x200000a4   Data          36  pid.o(.bss)
    .bss                                     0x200000c8   Section       96  libspace.o(.bss)
    HEAP                                     0x20000128   Section      512  startup_stm32f10x_md.o(HEAP)
    Heap_Mem                                 0x20000128   Data         512  startup_stm32f10x_md.o(HEAP)
    STACK                                    0x20000328   Section     1024  startup_stm32f10x_md.o(STACK)
    Stack_Mem                                0x20000328   Data        1024  startup_stm32f10x_md.o(STACK)
    __initial_sp                             0x20000728   Data           0  startup_stm32f10x_md.o(STACK)

    Global Symbols

    Symbol Name                              Value     Ov Type        Size  Object(Section)

    BuildAttributes$$THM_ISAv4$P$D$K$B$S$PE$A:L22UL41UL21$X:L11$S22US41US21$IEEE1$IW$USESV6$~STKCKD$USESV7$~SHL$OSPACE$ROPI$EBA8$UX$STANDARDLIB$REQ8$PRES8$EABIv2 0x00000000   Number         0  anon$$obj.o ABSOLUTE
    __ARM_use_no_argv                        0x00000000   Number         0  main.o ABSOLUTE
    __ARM_exceptions_init                     - Undefined Weak Reference
    __alloca_initialize                       - Undefined Weak Reference
    __arm_preinit_                            - Undefined Weak Reference
    __cpp_initialize__aeabi_                  - Undefined Weak Reference
    __cxa_finalize                            - Undefined Weak Reference
    __rt_locale                               - Undefined Weak Reference
    __sigvec_lookup                           - Undefined Weak Reference
    _atexit_init                              - Undefined Weak Reference
    _call_atexit_fns                          - Undefined Weak Reference
    _clock_init                               - Undefined Weak Reference
    _fp_trap_init                             - Undefined Weak Reference
    _fp_trap_shutdown                         - Undefined Weak Reference
    _get_lc_collate                           - Undefined Weak Reference
    _get_lc_ctype                             - Undefined Weak Reference
    _get_lc_monetary                          - Undefined Weak Reference
    _get_lc_numeric                           - Undefined Weak Reference
    _get_lc_time                              - Undefined Weak Reference
    _getenv_init                              - Undefined Weak Reference
    _handle_redirection                       - Undefined Weak Reference
    _init_alloc                               - Undefined Weak Reference
    _init_user_alloc                          - Undefined Weak Reference
    _initio                                   - Undefined Weak Reference
    _rand_init                                - Undefined Weak Reference
    _signal_finish                            - Undefined Weak Reference
    _signal_init                              - Undefined Weak Reference
    _terminate_alloc                          - Undefined Weak Reference
    _terminate_user_alloc                     - Undefined Weak Reference
    _terminateio                              - Undefined Weak Reference
    __Vectors_Size                           0x000000ec   Number         0  startup_stm32f10x_md.o ABSOLUTE
    __Vectors                                0x08000000   Data           4  startup_stm32f10x_md.o(RESET)
    __Vectors_End                            0x080000ec   Data           0  startup_stm32f10x_md.o(RESET)
    __main                                   0x080000ed   Thumb Code     8  __main.o(!!!main)
    __scatterload                            0x080000f5   Thumb Code     0  __scatter.o(!!!scatter)
    __scatterload_rt2                        0x080000f5   Thumb Code    44  __scatter.o(!!!scatter)
    __scatterload_rt2_thumb_only             0x080000f5   Thumb Code     0  __scatter.o(!!!scatter)
    __scatterload_null                       0x08000103   Thumb Code     0  __scatter.o(!!!scatter)
    __scatterload_copy                       0x08000129   Thumb Code    26  __scatter_copy.o(!!handler_copy)
    __scatterload_zeroinit                   0x08000145   Thumb Code    28  __scatter_zi.o(!!handler_zi)
    __rt_lib_init                            0x08000161   Thumb Code     0  libinit.o(.ARM.Collect$$libinit$$00000000)
    __rt_lib_init_alloca_1                   0x08000163   Thumb Code     0  libinit2.o(.ARM.Collect$$libinit$$0000002E)
    __rt_lib_init_argv_1                     0x08000163   Thumb Code     0  libinit2.o(.ARM.Collect$$libinit$$0000002C)
    __rt_lib_init_atexit_1                   0x08000163   Thumb Code     0  libinit2.o(.ARM.Collect$$libinit$$0000001B)
    __rt_lib_init_clock_1                    0x08000163   Thumb Code     0  libinit2.o(.ARM.Collect$$libinit$$00000021)
    __rt_lib_init_cpp_1                      0x08000163   Thumb Code     0  libinit2.o(.ARM.Collect$$libinit$$00000032)
    __rt_lib_init_exceptions_1               0x08000163   Thumb Code     0  libinit2.o(.ARM.Collect$$libinit$$00000030)
    __rt_lib_init_fp_1                       0x08000163   Thumb Code     0  libinit2.o(.ARM.Collect$$libinit$$00000002)
    __rt_lib_init_fp_trap_1                  0x08000163   Thumb Code     0  libinit2.o(.ARM.Collect$$libinit$$0000001F)
    __rt_lib_init_getenv_1                   0x08000163   Thumb Code     0  libinit2.o(.ARM.Collect$$libinit$$00000023)
    __rt_lib_init_heap_1                     0x08000163   Thumb Code     0  libinit2.o(.ARM.Collect$$libinit$$0000000A)
    __rt_lib_init_lc_collate_1               0x08000163   Thumb Code     0  libinit2.o(.ARM.Collect$$libinit$$00000011)
    __rt_lib_init_lc_ctype_1                 0x08000163   Thumb Code     0  libinit2.o(.ARM.Collect$$libinit$$00000013)
    __rt_lib_init_lc_monetary_1              0x08000163   Thumb Code     0  libinit2.o(.ARM.Collect$$libinit$$00000015)
    __rt_lib_init_lc_numeric_1               0x08000163   Thumb Code     0  libinit2.o(.ARM.Collect$$libinit$$00000017)
    __rt_lib_init_lc_time_1                  0x08000163   Thumb Code     0  libinit2.o(.ARM.Collect$$libinit$$00000019)
    __rt_lib_init_preinit_1                  0x08000163   Thumb Code     0  libinit2.o(.ARM.Collect$$libinit$$00000004)
    __rt_lib_init_rand_1                     0x08000163   Thumb Code     0  libinit2.o(.ARM.Collect$$libinit$$0000000E)
    __rt_lib_init_return                     0x08000163   Thumb Code     0  libinit2.o(.ARM.Collect$$libinit$$00000033)
    __rt_lib_init_signal_1                   0x08000163   Thumb Code     0  libinit2.o(.ARM.Collect$$libinit$$0000001D)
    __rt_lib_init_stdio_1                    0x08000163   Thumb Code     0  libinit2.o(.ARM.Collect$$libinit$$00000025)
    __rt_lib_init_user_alloc_1               0x08000163   Thumb Code     0  libinit2.o(.ARM.Collect$$libinit$$0000000C)
    __rt_lib_shutdown                        0x08000165   Thumb Code     0  libshutdown.o(.ARM.Collect$$libshutdown$$00000000)
    __rt_lib_shutdown_cpp_1                  0x08000167   Thumb Code     0  libshutdown2.o(.ARM.Collect$$libshutdown$$00000002)
    __rt_lib_shutdown_fp_trap_1              0x08000167   Thumb Code     0  libshutdown2.o(.ARM.Collect$$libshutdown$$00000007)
    __rt_lib_shutdown_heap_1                 0x08000167   Thumb Code     0  libshutdown2.o(.ARM.Collect$$libshutdown$$0000000F)
    __rt_lib_shutdown_return                 0x08000167   Thumb Code     0  libshutdown2.o(.ARM.Collect$$libshutdown$$00000010)
    __rt_lib_shutdown_signal_1               0x08000167   Thumb Code     0  libshutdown2.o(.ARM.Collect$$libshutdown$$0000000A)
    __rt_lib_shutdown_stdio_1                0x08000167   Thumb Code     0  libshutdown2.o(.ARM.Collect$$libshutdown$$00000004)
    __rt_lib_shutdown_user_alloc_1           0x08000167   Thumb Code     0  libshutdown2.o(.ARM.Collect$$libshutdown$$0000000C)
    __rt_entry                               0x08000169   Thumb Code     0  __rtentry.o(.ARM.Collect$$rtentry$$00000000)
    __rt_entry_presh_1                       0x08000169   Thumb Code     0  __rtentry2.o(.ARM.Collect$$rtentry$$00000002)
    __rt_entry_sh                            0x08000169   Thumb Code     0  __rtentry4.o(.ARM.Collect$$rtentry$$00000004)
    __rt_entry_li                            0x0800016f   Thumb Code     0  __rtentry2.o(.ARM.Collect$$rtentry$$0000000A)
    __rt_entry_postsh_1                      0x0800016f   Thumb Code     0  __rtentry2.o(.ARM.Collect$$rtentry$$00000009)
    __rt_entry_main                          0x08000173   Thumb Code     0  __rtentry2.o(.ARM.Collect$$rtentry$$0000000D)
    __rt_entry_postli_1                      0x08000173   Thumb Code     0  __rtentry2.o(.ARM.Collect$$rtentry$$0000000C)
    __rt_exit                                0x0800017b   Thumb Code     0  rtexit.o(.ARM.Collect$$rtexit$$00000000)
    __rt_exit_ls                             0x0800017d   Thumb Code     0  rtexit2.o(.ARM.Collect$$rtexit$$00000003)
    __rt_exit_prels_1                        0x0800017d   Thumb Code     0  rtexit2.o(.ARM.Collect$$rtexit$$00000002)
    __rt_exit_exit                           0x08000181   Thumb Code     0  rtexit2.o(.ARM.Collect$$rtexit$$00000004)
    Reset_Handler                            0x08000189   Thumb Code     8  startup_stm32f10x_md.o(.text)
    ADC1_2_IRQHandler                        0x080001a3   Thumb Code     0  startup_stm32f10x_md.o(.text)
    CAN1_RX1_IRQHandler                      0x080001a3   Thumb Code     0  startup_stm32f10x_md.o(.text)
    CAN1_SCE_IRQHandler                      0x080001a3   Thumb Code     0  startup_stm32f10x_md.o(.text)
    DMA1_Channel1_IRQHandler                 0x080001a3   Thumb Code     0  startup_stm32f10x_md.o(.text)
    DMA1_Channel2_IRQHandler                 0x080001a3   Thumb Code     0  startup_stm32f10x_md.o(.text)
    DMA1_Channel3_IRQHandler                 0x080001a3   Thumb Code     0  startup_stm32f10x_md.o(.text)
    DMA1_Channel4_IRQHandler                 0x080001a3   Thumb Code     0  startup_stm32f10x_md.o(.text)
    DMA1_Channel5_IRQHandler                 0x080001a3   Thumb Code     0  startup_stm32f10x_md.o(.text)
    DMA1_Channel6_IRQHandler                 0x080001a3   Thumb Code     0  startup_stm32f10x_md.o(.text)
    DMA1_Channel7_IRQHandler                 0x080001a3   Thumb Code     0  startup_stm32f10x_md.o(.text)
    EXTI0_IRQHandler                         0x080001a3   Thumb Code     0  startup_stm32f10x_md.o(.text)
    EXTI15_10_IRQHandler                     0x080001a3   Thumb Code     0  startup_stm32f10x_md.o(.text)
    EXTI1_IRQHandler                         0x080001a3   Thumb Code     0  startup_stm32f10x_md.o(.text)
    EXTI2_IRQHandler                         0x080001a3   Thumb Code     0  startup_stm32f10x_md.o(.text)
    EXTI3_IRQHandler                         0x080001a3   Thumb Code     0  startup_stm32f10x_md.o(.text)
    EXTI4_IRQHandler                         0x080001a3   Thumb Code     0  startup_stm32f10x_md.o(.text)
    EXTI9_5_IRQHandler                       0x080001a3   Thumb Code     0  startup_stm32f10x_md.o(.text)
    FLASH_IRQHandler                         0x080001a3   Thumb Code     0  startup_stm32f10x_md.o(.text)
    I2C1_ER_IRQHandler                       0x080001a3   Thumb Code     0  startup_stm32f10x_md.o(.text)
    I2C1_EV_IRQHandler                       0x080001a3   Thumb Code     0  startup_stm32f10x_md.o(.text)
    I2C2_ER_IRQHandler                       0x080001a3   Thumb Code     0  startup_stm32f10x_md.o(.text)
    I2C2_EV_IRQHandler                       0x080001a3   Thumb Code     0  startup_stm32f10x_md.o(.text)
    PVD_IRQHandler                           0x080001a3   Thumb Code     0  startup_stm32f10x_md.o(.text)
    RCC_IRQHandler                           0x080001a3   Thumb Code     0  startup_stm32f10x_md.o(.text)
    RTCAlarm_IRQHandler                      0x080001a3   Thumb Code     0  startup_stm32f10x_md.o(.text)
    RTC_IRQHandler                           0x080001a3   Thumb Code     0  startup_stm32f10x_md.o(.text)
    SPI1_IRQHandler                          0x080001a3   Thumb Code     0  startup_stm32f10x_md.o(.text)
    SPI2_IRQHandler                          0x080001a3   Thumb Code     0  startup_stm32f10x_md.o(.text)
    TAMPER_IRQHandler                        0x080001a3   Thumb Code     0  startup_stm32f10x_md.o(.text)
    TIM1_BRK_IRQHandler                      0x080001a3   Thumb Code     0  startup_stm32f10x_md.o(.text)
    TIM1_CC_IRQHandler                       0x080001a3   Thumb Code     0  startup_stm32f10x_md.o(.text)
    TIM1_TRG_COM_IRQHandler                  0x080001a3   Thumb Code     0  startup_stm32f10x_md.o(.text)
    TIM1_UP_IRQHandler                       0x080001a3   Thumb Code     0  startup_stm32f10x_md.o(.text)
    TIM3_IRQHandler                          0x080001a3   Thumb Code     0  startup_stm32f10x_md.o(.text)
    TIM4_IRQHandler                          0x080001a3   Thumb Code     0  startup_stm32f10x_md.o(.text)
    USART1_IRQHandler                        0x080001a3   Thumb Code     0  startup_stm32f10x_md.o(.text)
    USART2_IRQHandler                        0x080001a3   Thumb Code     0  startup_stm32f10x_md.o(.text)
    USART3_IRQHandler                        0x080001a3   Thumb Code     0  startup_stm32f10x_md.o(.text)
    USBWakeUp_IRQHandler                     0x080001a3   Thumb Code     0  startup_stm32f10x_md.o(.text)
    USB_HP_CAN1_TX_IRQHandler                0x080001a3   Thumb Code     0  startup_stm32f10x_md.o(.text)
    USB_LP_CAN1_RX0_IRQHandler               0x080001a3   Thumb Code     0  startup_stm32f10x_md.o(.text)
    WWDG_IRQHandler                          0x080001a3   Thumb Code     0  startup_stm32f10x_md.o(.text)
    __user_initial_stackheap                 0x080001a5   Thumb Code     0  startup_stm32f10x_md.o(.text)
    __use_two_region_memory                  0x080001c9   Thumb Code     2  heapauxi.o(.text)
    __rt_heap_escrow$2region                 0x080001cb   Thumb Code     2  heapauxi.o(.text)
    __rt_heap_expand$2region                 0x080001cd   Thumb Code     2  heapauxi.o(.text)
    __user_setup_stackheap                   0x080001cf   Thumb Code    74  sys_stackheap_outer.o(.text)
    exit                                     0x08000219   Thumb Code    18  exit.o(.text)
    __user_libspace                          0x0800022d   Thumb Code     8  libspace.o(.text)
    __user_perproc_libspace                  0x0800022d   Thumb Code     0  libspace.o(.text)
    __user_perthread_libspace                0x0800022d   Thumb Code     0  libspace.o(.text)
    _sys_exit                                0x08000235   Thumb Code     8  sys_exit.o(.text)
    __I$use$semihosting                      0x08000241   Thumb Code     0  use_no_semi.o(.text)
    __use_no_semihosting_swi                 0x08000241   Thumb Code     2  use_no_semi.o(.text)
    __semihosting_library_function           0x08000243   Thumb Code     0  indicate_semi.o(.text)
    BusFault_Handler                         0x08000285   Thumb Code     4  stm32f10x_it.o(i.BusFault_Handler)
    Buzzer_Beep                              0x08000289   Thumb Code    34  buzzer.o(i.Buzzer_Beep)
    Buzzer_Init                              0x080002b9   Thumb Code    46  buzzer.o(i.Buzzer_Init)
    Buzzer_Stop                              0x080002ed   Thumb Code    22  buzzer.o(i.Buzzer_Stop)
    Buzzer_Update                            0x08000311   Thumb Code    40  buzzer.o(i.Buzzer_Update)
    Car_Get_Angle                            0x08000341   Thumb Code    64  pid.o(i.Car_Get_Angle)
    Car_Go_Straight_To_Target                0x08000391   Thumb Code   188  pid.o(i.Car_Go_Straight_To_Target)
    Car_Lock_Current_Heading                 0x08000459   Thumb Code    16  pid.o(i.Car_Lock_Current_Heading)
    Car_Reset_Angle                          0x0800046d   Thumb Code    22  pid.o(i.Car_Reset_Angle)
    Car_Set_Straight_Target                  0x08000a01   Thumb Code     6  pid.o(i.Car_Set_Straight_Target)
    Car_Update_Angle                         0x08000a0d   Thumb Code     2  pid.o(i.Car_Update_Angle)
    Check_BlackLine                          0x08000a11   Thumb Code   150  line.o(i.Check_BlackLine)
    DebugMon_Handler                         0x08000ab1   Thumb Code     2  stm32f10x_it.o(i.DebugMon_Handler)
    Delay_ms                                 0x08000ab3   Thumb Code    24  delay.o(i.Delay_ms)
    Delay_us                                 0x08000acb   Thumb Code    46  delay.o(i.Delay_us)
    GPIO_Init                                0x08000af9   Thumb Code   278  stm32f10x_gpio.o(i.GPIO_Init)
    GPIO_ReadInputDataBit                    0x08000c0f   Thumb Code    18  stm32f10x_gpio.o(i.GPIO_ReadInputDataBit)
    GPIO_ResetBits                           0x08000c21   Thumb Code     4  stm32f10x_gpio.o(i.GPIO_ResetBits)
    GPIO_SetBits                             0x08000c25   Thumb Code     4  stm32f10x_gpio.o(i.GPIO_SetBits)
    GPIO_WriteBit                            0x08000c29   Thumb Code    10  stm32f10x_gpio.o(i.GPIO_WriteBit)
    Gpio_Init                                0x08000c35   Thumb Code    56  gpio.o(i.Gpio_Init)
    HardFault_Handler                        0x08000c75   Thumb Code     4  stm32f10x_it.o(i.HardFault_Handler)
    IMU660RA_CalibrateGyroZ                  0x08000c79   Thumb Code    68  imu660ra.o(i.IMU660RA_CalibrateGyroZ)
    IMU660RA_GetData                         0x08000cc5   Thumb Code   140  imu660ra.o(i.IMU660RA_GetData)
    IMU660RA_GetID                           0x08000d51   Thumb Code    10  imu660ra.o(i.IMU660RA_GetID)
    IMU660RA_GetYaw                          0x08000d5d   Thumb Code     6  imu660ra.o(i.IMU660RA_GetYaw)
    IMU660RA_Init                            0x08000d69   Thumb Code   162  imu660ra.o(i.IMU660RA_Init)
    IMU660RA_Kalman_Init                     0x08000e15   Thumb Code    30  imu660ra.o(i.IMU660RA_Kalman_Init)
    IMU660RA_UpdateYaw_Filtered              0x08000ee5   Thumb Code   406  imu660ra.o(i.IMU660RA_UpdateYaw_Filtered)
    IMU660ra_Calibrate                       0x08001131   Thumb Code    40  pid.o(i.IMU660ra_Calibrate)
    Key_GetNum                               0x0800125d   Thumb Code   156  key.o(i.Key_GetNum)
    Key_Init                                 0x08001309   Thumb Code    64  key.o(i.Key_Init)
    MemManage_Handler                        0x08001489   Thumb Code     4  stm32f10x_it.o(i.MemManage_Handler)
    MyI2C_Init                               0x0800148d   Thumb Code    50  myi2c.o(i.MyI2C_Init)
    MyI2C_R_SDA                              0x080014c5   Thumb Code    24  myi2c.o(i.MyI2C_R_SDA)
    MyI2C_ReceiveAck                         0x080014e1   Thumb Code    30  myi2c.o(i.MyI2C_ReceiveAck)
    MyI2C_ReceiveByte                        0x080014ff   Thumb Code    50  myi2c.o(i.MyI2C_ReceiveByte)
    MyI2C_SendAck                            0x08001531   Thumb Code    24  myi2c.o(i.MyI2C_SendAck)
    MyI2C_SendByte                           0x08001549   Thumb Code    50  myi2c.o(i.MyI2C_SendByte)
    MyI2C_Start                              0x0800157b   Thumb Code    28  myi2c.o(i.MyI2C_Start)
    MyI2C_Stop                               0x08001597   Thumb Code    22  myi2c.o(i.MyI2C_Stop)
    MyI2C_W_SCL                              0x080015ad   Thumb Code    24  myi2c.o(i.MyI2C_W_SCL)
    MyI2C_W_SDA                              0x080015c9   Thumb Code    24  myi2c.o(i.MyI2C_W_SDA)
    NMI_Handler                              0x080015e5   Thumb Code     2  stm32f10x_it.o(i.NMI_Handler)
    NVIC_Init                                0x080015e9   Thumb Code   100  misc.o(i.NVIC_Init)
    NVIC_PriorityGroupConfig                 0x08001659   Thumb Code    10  misc.o(i.NVIC_PriorityGroupConfig)
    OLED_Clear                               0x0800166d   Thumb Code    42  oled.o(i.OLED_Clear)
    OLED_I2C_Init                            0x080016b5   Thumb Code    76  oled.o(i.OLED_I2C_Init)
    OLED_I2C_SendByte                        0x08001705   Thumb Code    88  oled.o(i.OLED_I2C_SendByte)
    OLED_I2C_Start                           0x08001761   Thumb Code    48  oled.o(i.OLED_I2C_Start)
    OLED_I2C_Stop                            0x08001795   Thumb Code    36  oled.o(i.OLED_I2C_Stop)
    OLED_Init                                0x080017bd   Thumb Code   174  oled.o(i.OLED_Init)
    OLED_Pow                                 0x0800186b   Thumb Code    20  oled.o(i.OLED_Pow)
    OLED_SetCursor                           0x0800187f   Thumb Code    34  oled.o(i.OLED_SetCursor)
    OLED_ShowChar                            0x080018a1   Thumb Code   110  oled.o(i.OLED_ShowChar)
    OLED_ShowSignedNum                       0x08001915   Thumb Code   102  oled.o(i.OLED_ShowSignedNum)
    OLED_ShowString                          0x0800197b   Thumb Code    40  oled.o(i.OLED_ShowString)
    OLED_WriteCommand                        0x080019a3   Thumb Code    32  oled.o(i.OLED_WriteCommand)
    OLED_WriteData                           0x080019c3   Thumb Code    32  oled.o(i.OLED_WriteData)
    PWM_Init                                 0x08001ad9   Thumb Code   176  pwm.o(i.PWM_Init)
    PendSV_Handler                           0x08001b91   Thumb Code     2  stm32f10x_it.o(i.PendSV_Handler)
    RCC_APB1PeriphClockCmd                   0x08001b95   Thumb Code    26  stm32f10x_rcc.o(i.RCC_APB1PeriphClockCmd)
    RCC_APB2PeriphClockCmd                   0x08001bb5   Thumb Code    26  stm32f10x_rcc.o(i.RCC_APB2PeriphClockCmd)
    SVC_Handler                              0x08001bd5   Thumb Code     2  stm32f10x_it.o(i.SVC_Handler)
    Set_PWM                                  0x08001cc1   Thumb Code   140  pwm.o(i.Set_PWM)
    SysTick_Handler                          0x08001d59   Thumb Code     2  stm32f10x_it.o(i.SysTick_Handler)
    SystemInit                               0x08001d65   Thumb Code    78  system_stm32f10x.o(i.SystemInit)
    TIM2_IRQHandler                          0x08001dc5   Thumb Code    28  main.o(i.TIM2_IRQHandler)
    TIM_ARRPreloadConfig                     0x08001e3f   Thumb Code    24  stm32f10x_tim.o(i.TIM_ARRPreloadConfig)
    TIM_ClearITPendingBit                    0x08001e57   Thumb Code     6  stm32f10x_tim.o(i.TIM_ClearITPendingBit)
    TIM_Cmd                                  0x08001e5d   Thumb Code    24  stm32f10x_tim.o(i.TIM_Cmd)
    TIM_CtrlPWMOutputs                       0x08001e75   Thumb Code    30  stm32f10x_tim.o(i.TIM_CtrlPWMOutputs)
    TIM_GetITStatus                          0x08001e93   Thumb Code    34  stm32f10x_tim.o(i.TIM_GetITStatus)
    TIM_ITConfig                             0x08001eb5   Thumb Code    18  stm32f10x_tim.o(i.TIM_ITConfig)
    TIM_OC2Init                              0x08001ec9   Thumb Code   154  stm32f10x_tim.o(i.TIM_OC2Init)
    TIM_OC2PreloadConfig                     0x08001f6d   Thumb Code    26  stm32f10x_tim.o(i.TIM_OC2PreloadConfig)
    TIM_OC3Init                              0x08001f89   Thumb Code   150  stm32f10x_tim.o(i.TIM_OC3Init)
    TIM_OC3PreloadConfig                     0x08002029   Thumb Code    18  stm32f10x_tim.o(i.TIM_OC3PreloadConfig)
    TIM_SetCompare2                          0x0800203b   Thumb Code     4  stm32f10x_tim.o(i.TIM_SetCompare2)
    TIM_SetCompare3                          0x0800203f   Thumb Code     4  stm32f10x_tim.o(i.TIM_SetCompare3)
    TIM_TimeBaseInit                         0x08002045   Thumb Code   122  stm32f10x_tim.o(i.TIM_TimeBaseInit)
    UsageFault_Handler                       0x08002141   Thumb Code     4  stm32f10x_it.o(i.UsageFault_Handler)
    digtal                                   0x08002145   Thumb Code   170  sensor.o(i.digtal)
    main                                     0x080021f5   Thumb Code   180  main.o(i.main)
    track_zhixian1                           0x080022dd   Thumb Code   360  line.o(i.track_zhixian1)
    __aeabi_fadd                             0x08002469   Thumb Code     0  faddsub_clz.o(x$fpl$fadd)
    _fadd                                    0x08002469   Thumb Code   196  faddsub_clz.o(x$fpl$fadd)
    __fpl_fcmp_Inf                           0x0800252d   Thumb Code    24  fcmpi.o(x$fpl$fcmpinf)
    __aeabi_fdiv                             0x08002545   Thumb Code     0  fdiv.o(x$fpl$fdiv)
    _fdiv                                    0x08002545   Thumb Code   384  fdiv.o(x$fpl$fdiv)
    __aeabi_f2iz                             0x080026c9   Thumb Code     0  ffix.o(x$fpl$ffix)
    _ffix                                    0x080026c9   Thumb Code    54  ffix.o(x$fpl$ffix)
    __aeabi_i2f                              0x08002701   Thumb Code     0  fflt_clz.o(x$fpl$fflt)
    _fflt                                    0x08002701   Thumb Code    48  fflt_clz.o(x$fpl$fflt)
    __aeabi_cfcmple                          0x08002731   Thumb Code     0  fleqf.o(x$fpl$fleqf)
    _fcmple                                  0x08002731   Thumb Code   104  fleqf.o(x$fpl$fleqf)
    __fpl_fcmple_InfNaN                      0x08002783   Thumb Code     0  fleqf.o(x$fpl$fleqf)
    __aeabi_fmul                             0x08002799   Thumb Code     0  fmul.o(x$fpl$fmul)
    _fmul                                    0x08002799   Thumb Code   258  fmul.o(x$fpl$fmul)
    __fpl_fnaninf                            0x0800289b   Thumb Code   140  fnaninf.o(x$fpl$fnaninf)
    __fpl_fretinf                            0x08002927   Thumb Code    10  fretinf.o(x$fpl$fretinf)
    __aeabi_cfrcmple                         0x08002931   Thumb Code     0  frleqf.o(x$fpl$frleqf)
    _frcmple                                 0x08002931   Thumb Code    98  frleqf.o(x$fpl$frleqf)
    __aeabi_fsub                             0x08002995   Thumb Code     0  faddsub_clz.o(x$fpl$fsub)
    _fsub                                    0x08002995   Thumb Code   234  faddsub_clz.o(x$fpl$fsub)
    __I$use$fp                               0x08002a7e   Number         0  usenofp.o(x$fpl$usenofp)
    imu660ra_config_file                     0x08002a7e   Data        8192  imu660ra_config.o(.constdata)
    OLED_F8x16                               0x08004a7e   Data        1520  oled.o(.constdata)
    Region$$Table$$Base                      0x08005070   Number         0  anon$$obj.o(Region$$Table)
    Region$$Table$$Limit                     0x08005090   Number         0  anon$$obj.o(Region$$Table)
    V_R                                      0x20000000   Data           4  main.o(.data)
    V_L                                      0x20000004   Data           4  main.o(.data)
    AX                                       0x20000008   Data           2  main.o(.data)
    AY                                       0x2000000a   Data           2  main.o(.data)
    AZ                                       0x2000000c   Data           2  main.o(.data)
    GX                                       0x2000000e   Data           2  main.o(.data)
    GY                                       0x20000010   Data           2  main.o(.data)
    GZ                                       0x20000012   Data           2  main.o(.data)
    car_state                                0x20000014   Data           2  main.o(.data)
    task_select                              0x20000016   Data           1  main.o(.data)
    Keynum                                   0x20000017   Data           1  main.o(.data)
    control_flag                             0x20000018   Data           1  main.o(.data)
    circle_count                             0x2000001a   Data           1  main.o(.data)
    now_state                                0x2000001f   Data           1  main.o(.data)
    imu_init_ok                              0x2000002c   Data           1  imu660ra.o(.data)
    __libspace_start                         0x200000c8   Data          96  libspace.o(.bss)
    __temporary_stack_top$libspace           0x20000128   Data           0  libspace.o(.bss)



==============================================================================

Memory Map of the image

  Image Entry point : 0x080000ed

  Load Region LR_IROM1 (Base: 0x08000000, Size: 0x00005110, Max: 0x00010000, ABSOLUTE)

    Execution Region ER_IROM1 (Exec base: 0x08000000, Load base: 0x08000000, Size: 0x00005090, Max: 0x00010000, ABSOLUTE)

    Exec Addr    Load Addr    Size         Type   Attr      Idx    E Section Name        Object

    0x08000000   0x08000000   0x000000ec   Data   RO           19    RESET               startup_stm32f10x_md.o
    0x080000ec   0x080000ec   0x00000008   Code   RO         3984  * !!!main             c_w.l(__main.o)
    0x080000f4   0x080000f4   0x00000034   Code   RO         4176    !!!scatter          c_w.l(__scatter.o)
    0x08000128   0x08000128   0x0000001a   Code   RO         4178    !!handler_copy      c_w.l(__scatter_copy.o)
    0x08000142   0x08000142   0x00000002   PAD
    0x08000144   0x08000144   0x0000001c   Code   RO         4180    !!handler_zi        c_w.l(__scatter_zi.o)
    0x08000160   0x08000160   0x00000002   Code   RO         4046    .ARM.Collect$$libinit$$00000000  c_w.l(libinit.o)
    0x08000162   0x08000162   0x00000000   Code   RO         4053    .ARM.Collect$$libinit$$00000002  c_w.l(libinit2.o)
    0x08000162   0x08000162   0x00000000   Code   RO         4055    .ARM.Collect$$libinit$$00000004  c_w.l(libinit2.o)
    0x08000162   0x08000162   0x00000000   Code   RO         4058    .ARM.Collect$$libinit$$0000000A  c_w.l(libinit2.o)
    0x08000162   0x08000162   0x00000000   Code   RO         4060    .ARM.Collect$$libinit$$0000000C  c_w.l(libinit2.o)
    0x08000162   0x08000162   0x00000000   Code   RO         4062    .ARM.Collect$$libinit$$0000000E  c_w.l(libinit2.o)
    0x08000162   0x08000162   0x00000000   Code   RO         4065    .ARM.Collect$$libinit$$00000011  c_w.l(libinit2.o)
    0x08000162   0x08000162   0x00000000   Code   RO         4067    .ARM.Collect$$libinit$$00000013  c_w.l(libinit2.o)
    0x08000162   0x08000162   0x00000000   Code   RO         4069    .ARM.Collect$$libinit$$00000015  c_w.l(libinit2.o)
    0x08000162   0x08000162   0x00000000   Code   RO         4071    .ARM.Collect$$libinit$$00000017  c_w.l(libinit2.o)
    0x08000162   0x08000162   0x00000000   Code   RO         4073    .ARM.Collect$$libinit$$00000019  c_w.l(libinit2.o)
    0x08000162   0x08000162   0x00000000   Code   RO         4075    .ARM.Collect$$libinit$$0000001B  c_w.l(libinit2.o)
    0x08000162   0x08000162   0x00000000   Code   RO         4077    .ARM.Collect$$libinit$$0000001D  c_w.l(libinit2.o)
    0x08000162   0x08000162   0x00000000   Code   RO         4079    .ARM.Collect$$libinit$$0000001F  c_w.l(libinit2.o)
    0x08000162   0x08000162   0x00000000   Code   RO         4081    .ARM.Collect$$libinit$$00000021  c_w.l(libinit2.o)
    0x08000162   0x08000162   0x00000000   Code   RO         4083    .ARM.Collect$$libinit$$00000023  c_w.l(libinit2.o)
    0x08000162   0x08000162   0x00000000   Code   RO         4085    .ARM.Collect$$libinit$$00000025  c_w.l(libinit2.o)
    0x08000162   0x08000162   0x00000000   Code   RO         4089    .ARM.Collect$$libinit$$0000002C  c_w.l(libinit2.o)
    0x08000162   0x08000162   0x00000000   Code   RO         4091    .ARM.Collect$$libinit$$0000002E  c_w.l(libinit2.o)
    0x08000162   0x08000162   0x00000000   Code   RO         4093    .ARM.Collect$$libinit$$00000030  c_w.l(libinit2.o)
    0x08000162   0x08000162   0x00000000   Code   RO         4095    .ARM.Collect$$libinit$$00000032  c_w.l(libinit2.o)
    0x08000162   0x08000162   0x00000002   Code   RO         4096    .ARM.Collect$$libinit$$00000033  c_w.l(libinit2.o)
    0x08000164   0x08000164   0x00000002   Code   RO         4116    .ARM.Collect$$libshutdown$$00000000  c_w.l(libshutdown.o)
    0x08000166   0x08000166   0x00000000   Code   RO         4129    .ARM.Collect$$libshutdown$$00000002  c_w.l(libshutdown2.o)
    0x08000166   0x08000166   0x00000000   Code   RO         4131    .ARM.Collect$$libshutdown$$00000004  c_w.l(libshutdown2.o)
    0x08000166   0x08000166   0x00000000   Code   RO         4134    .ARM.Collect$$libshutdown$$00000007  c_w.l(libshutdown2.o)
    0x08000166   0x08000166   0x00000000   Code   RO         4137    .ARM.Collect$$libshutdown$$0000000A  c_w.l(libshutdown2.o)
    0x08000166   0x08000166   0x00000000   Code   RO         4139    .ARM.Collect$$libshutdown$$0000000C  c_w.l(libshutdown2.o)
    0x08000166   0x08000166   0x00000000   Code   RO         4142    .ARM.Collect$$libshutdown$$0000000F  c_w.l(libshutdown2.o)
    0x08000166   0x08000166   0x00000002   Code   RO         4143    .ARM.Collect$$libshutdown$$00000010  c_w.l(libshutdown2.o)
    0x08000168   0x08000168   0x00000000   Code   RO         4014    .ARM.Collect$$rtentry$$00000000  c_w.l(__rtentry.o)
    0x08000168   0x08000168   0x00000000   Code   RO         4023    .ARM.Collect$$rtentry$$00000002  c_w.l(__rtentry2.o)
    0x08000168   0x08000168   0x00000006   Code   RO         4035    .ARM.Collect$$rtentry$$00000004  c_w.l(__rtentry4.o)
    0x0800016e   0x0800016e   0x00000000   Code   RO         4025    .ARM.Collect$$rtentry$$00000009  c_w.l(__rtentry2.o)
    0x0800016e   0x0800016e   0x00000004   Code   RO         4026    .ARM.Collect$$rtentry$$0000000A  c_w.l(__rtentry2.o)
    0x08000172   0x08000172   0x00000000   Code   RO         4028    .ARM.Collect$$rtentry$$0000000C  c_w.l(__rtentry2.o)
    0x08000172   0x08000172   0x00000008   Code   RO         4029    .ARM.Collect$$rtentry$$0000000D  c_w.l(__rtentry2.o)
    0x0800017a   0x0800017a   0x00000002   Code   RO         4050    .ARM.Collect$$rtexit$$00000000  c_w.l(rtexit.o)
    0x0800017c   0x0800017c   0x00000000   Code   RO         4098    .ARM.Collect$$rtexit$$00000002  c_w.l(rtexit2.o)
    0x0800017c   0x0800017c   0x00000004   Code   RO         4099    .ARM.Collect$$rtexit$$00000003  c_w.l(rtexit2.o)
    0x08000180   0x08000180   0x00000006   Code   RO         4100    .ARM.Collect$$rtexit$$00000004  c_w.l(rtexit2.o)
    0x08000186   0x08000186   0x00000002   PAD
    0x08000188   0x08000188   0x00000040   Code   RO           20    .text               startup_stm32f10x_md.o
    0x080001c8   0x080001c8   0x00000006   Code   RO         3982    .text               c_w.l(heapauxi.o)
    0x080001ce   0x080001ce   0x0000004a   Code   RO         4037    .text               c_w.l(sys_stackheap_outer.o)
    0x08000218   0x08000218   0x00000012   Code   RO         4039    .text               c_w.l(exit.o)
    0x0800022a   0x0800022a   0x00000002   PAD
    0x0800022c   0x0800022c   0x00000008   Code   RO         4047    .text               c_w.l(libspace.o)
    0x08000234   0x08000234   0x0000000c   Code   RO         4108    .text               c_w.l(sys_exit.o)
    0x08000240   0x08000240   0x00000002   Code   RO         4119    .text               c_w.l(use_no_semi.o)
    0x08000242   0x08000242   0x00000000   Code   RO         4121    .text               c_w.l(indicate_semi.o)
    0x08000242   0x08000242   0x00000002   PAD
    0x08000244   0x08000244   0x00000040   Code   RO         3716    i.Angle_Normalize   pid.o
    0x08000284   0x08000284   0x00000004   Code   RO         3322    i.BusFault_Handler  stm32f10x_it.o
    0x08000288   0x08000288   0x00000030   Code   RO         3385    i.Buzzer_Beep       buzzer.o
    0x080002b8   0x080002b8   0x00000034   Code   RO         3387    i.Buzzer_Init       buzzer.o
    0x080002ec   0x080002ec   0x00000024   Code   RO         3388    i.Buzzer_Stop       buzzer.o
    0x08000310   0x08000310   0x00000030   Code   RO         3389    i.Buzzer_Update     buzzer.o
    0x08000340   0x08000340   0x00000050   Code   RO         3717    i.Car_Get_Angle     pid.o
    0x08000390   0x08000390   0x000000c8   Code   RO         3720    i.Car_Go_Straight_To_Target  pid.o
    0x08000458   0x08000458   0x00000014   Code   RO         3722    i.Car_Lock_Current_Heading  pid.o
    0x0800046c   0x0800046c   0x00000020   Code   RO         3723    i.Car_Reset_Angle   pid.o
    0x0800048c   0x0800048c   0x00000574   Code   RO         3251    i.Car_Run_StateMachine  main.o
    0x08000a00   0x08000a00   0x0000000c   Code   RO         3724    i.Car_Set_Straight_Target  pid.o
    0x08000a0c   0x08000a0c   0x00000002   Code   RO         3726    i.Car_Update_Angle  pid.o
    0x08000a0e   0x08000a0e   0x00000002   PAD
    0x08000a10   0x08000a10   0x000000a0   Code   RO         3620    i.Check_BlackLine   line.o
    0x08000ab0   0x08000ab0   0x00000002   Code   RO         3323    i.DebugMon_Handler  stm32f10x_it.o
    0x08000ab2   0x08000ab2   0x00000018   Code   RO         3196    i.Delay_ms          delay.o
    0x08000aca   0x08000aca   0x0000002e   Code   RO         3198    i.Delay_us          delay.o
    0x08000af8   0x08000af8   0x00000116   Code   RO         1347    i.GPIO_Init         stm32f10x_gpio.o
    0x08000c0e   0x08000c0e   0x00000012   Code   RO         1351    i.GPIO_ReadInputDataBit  stm32f10x_gpio.o
    0x08000c20   0x08000c20   0x00000004   Code   RO         1354    i.GPIO_ResetBits    stm32f10x_gpio.o
    0x08000c24   0x08000c24   0x00000004   Code   RO         1355    i.GPIO_SetBits      stm32f10x_gpio.o
    0x08000c28   0x08000c28   0x0000000a   Code   RO         1358    i.GPIO_WriteBit     stm32f10x_gpio.o
    0x08000c32   0x08000c32   0x00000002   PAD
    0x08000c34   0x08000c34   0x00000040   Code   RO         3426    i.Gpio_Init         gpio.o
    0x08000c74   0x08000c74   0x00000004   Code   RO         3324    i.HardFault_Handler  stm32f10x_it.o
    0x08000c78   0x08000c78   0x0000004c   Code   RO         3441    i.IMU660RA_CalibrateGyroZ  imu660ra.o
    0x08000cc4   0x08000cc4   0x0000008c   Code   RO         3442    i.IMU660RA_GetData  imu660ra.o
    0x08000d50   0x08000d50   0x0000000a   Code   RO         3444    i.IMU660RA_GetID    imu660ra.o
    0x08000d5a   0x08000d5a   0x00000002   PAD
    0x08000d5c   0x08000d5c   0x0000000c   Code   RO         3445    i.IMU660RA_GetYaw   imu660ra.o
    0x08000d68   0x08000d68   0x000000ac   Code   RO         3446    i.IMU660RA_Init     imu660ra.o
    0x08000e14   0x08000e14   0x00000034   Code   RO         3447    i.IMU660RA_Kalman_Init  imu660ra.o
    0x08000e48   0x08000e48   0x0000003e   Code   RO         3448    i.IMU660RA_ReadReg  imu660ra.o
    0x08000e86   0x08000e86   0x0000005c   Code   RO         3449    i.IMU660RA_ReadRegs  imu660ra.o
    0x08000ee2   0x08000ee2   0x00000002   PAD
    0x08000ee4   0x08000ee4   0x000001dc   Code   RO         3451    i.IMU660RA_UpdateYaw_Filtered  imu660ra.o
    0x080010c0   0x080010c0   0x0000002e   Code   RO         3452    i.IMU660RA_WriteReg  imu660ra.o
    0x080010ee   0x080010ee   0x00000040   Code   RO         3453    i.IMU660RA_WriteRegs  imu660ra.o
    0x0800112e   0x0800112e   0x00000002   PAD
    0x08001130   0x08001130   0x00000034   Code   RO         3727    i.IMU660ra_Calibrate  pid.o
    0x08001164   0x08001164   0x00000058   Code   RO         3454    i.Kalman_SetAdaptiveQ  imu660ra.o
    0x080011bc   0x080011bc   0x000000a0   Code   RO         3455    i.Kalman_Update     imu660ra.o
    0x0800125c   0x0800125c   0x000000ac   Code   RO         3550    i.Key_GetNum        key.o
    0x08001308   0x08001308   0x00000048   Code   RO         3551    i.Key_Init          key.o
    0x08001350   0x08001350   0x00000138   Code   RO         3252    i.Key_Scan          main.o
    0x08001488   0x08001488   0x00000004   Code   RO         3325    i.MemManage_Handler  stm32f10x_it.o
    0x0800148c   0x0800148c   0x00000038   Code   RO         3650    i.MyI2C_Init        myi2c.o
    0x080014c4   0x080014c4   0x0000001c   Code   RO         3651    i.MyI2C_R_SDA       myi2c.o
    0x080014e0   0x080014e0   0x0000001e   Code   RO         3652    i.MyI2C_ReceiveAck  myi2c.o
    0x080014fe   0x080014fe   0x00000032   Code   RO         3653    i.MyI2C_ReceiveByte  myi2c.o
    0x08001530   0x08001530   0x00000018   Code   RO         3654    i.MyI2C_SendAck     myi2c.o
    0x08001548   0x08001548   0x00000032   Code   RO         3655    i.MyI2C_SendByte    myi2c.o
    0x0800157a   0x0800157a   0x0000001c   Code   RO         3656    i.MyI2C_Start       myi2c.o
    0x08001596   0x08001596   0x00000016   Code   RO         3657    i.MyI2C_Stop        myi2c.o
    0x080015ac   0x080015ac   0x0000001c   Code   RO         3658    i.MyI2C_W_SCL       myi2c.o
    0x080015c8   0x080015c8   0x0000001c   Code   RO         3659    i.MyI2C_W_SDA       myi2c.o
    0x080015e4   0x080015e4   0x00000002   Code   RO         3326    i.NMI_Handler       stm32f10x_it.o
    0x080015e6   0x080015e6   0x00000002   PAD
    0x080015e8   0x080015e8   0x00000070   Code   RO          137    i.NVIC_Init         misc.o
    0x08001658   0x08001658   0x00000014   Code   RO          138    i.NVIC_PriorityGroupConfig  misc.o
    0x0800166c   0x0800166c   0x0000002a   Code   RO         3872    i.OLED_Clear        oled.o
    0x08001696   0x08001696   0x0000001e   Code   RO         3253    i.OLED_DisplayYaw   main.o
    0x080016b4   0x080016b4   0x00000050   Code   RO         3873    i.OLED_I2C_Init     oled.o
    0x08001704   0x08001704   0x0000005c   Code   RO         3874    i.OLED_I2C_SendByte  oled.o
    0x08001760   0x08001760   0x00000034   Code   RO         3875    i.OLED_I2C_Start    oled.o
    0x08001794   0x08001794   0x00000028   Code   RO         3876    i.OLED_I2C_Stop     oled.o
    0x080017bc   0x080017bc   0x000000ae   Code   RO         3877    i.OLED_Init         oled.o
    0x0800186a   0x0800186a   0x00000014   Code   RO         3878    i.OLED_Pow          oled.o
    0x0800187e   0x0800187e   0x00000022   Code   RO         3879    i.OLED_SetCursor    oled.o
    0x080018a0   0x080018a0   0x00000074   Code   RO         3881    i.OLED_ShowChar     oled.o
    0x08001914   0x08001914   0x00000066   Code   RO         3884    i.OLED_ShowSignedNum  oled.o
    0x0800197a   0x0800197a   0x00000028   Code   RO         3885    i.OLED_ShowString   oled.o
    0x080019a2   0x080019a2   0x00000020   Code   RO         3886    i.OLED_WriteCommand  oled.o
    0x080019c2   0x080019c2   0x00000020   Code   RO         3887    i.OLED_WriteData    oled.o
    0x080019e2   0x080019e2   0x00000002   PAD
    0x080019e4   0x080019e4   0x00000018   Code   RO         3728    i.PID_Calc          pid.o
    0x080019fc   0x080019fc   0x00000088   Code   RO         3729    i.PID_Calc_Generic  pid.o
    0x08001a84   0x08001a84   0x00000014   Code   RO         3730    i.PID_Clear         pid.o
    0x08001a98   0x08001a98   0x00000020   Code   RO         3731    i.PID_Init          pid.o
    0x08001ab8   0x08001ab8   0x00000020   Code   RO         3733    i.PID_Turn_Init     pid.o
    0x08001ad8   0x08001ad8   0x000000b8   Code   RO         3833    i.PWM_Init          pwm.o
    0x08001b90   0x08001b90   0x00000002   Code   RO         3327    i.PendSV_Handler    stm32f10x_it.o
    0x08001b92   0x08001b92   0x00000002   PAD
    0x08001b94   0x08001b94   0x00000020   Code   RO         1775    i.RCC_APB1PeriphClockCmd  stm32f10x_rcc.o
    0x08001bb4   0x08001bb4   0x00000020   Code   RO         1777    i.RCC_APB2PeriphClockCmd  stm32f10x_rcc.o
    0x08001bd4   0x08001bd4   0x00000002   Code   RO         3328    i.SVC_Handler       stm32f10x_it.o
    0x08001bd6   0x08001bd6   0x00000008   Code   RO           24    i.SetSysClock       system_stm32f10x.o
    0x08001bde   0x08001bde   0x00000002   PAD
    0x08001be0   0x08001be0   0x000000e0   Code   RO           25    i.SetSysClockTo72   system_stm32f10x.o
    0x08001cc0   0x08001cc0   0x00000098   Code   RO         3834    i.Set_PWM           pwm.o
    0x08001d58   0x08001d58   0x00000002   Code   RO         3329    i.SysTick_Handler   stm32f10x_it.o
    0x08001d5a   0x08001d5a   0x00000008   Code   RO         3254    i.SystemClock_Config  main.o
    0x08001d62   0x08001d62   0x00000002   PAD
    0x08001d64   0x08001d64   0x00000060   Code   RO           27    i.SystemInit        system_stm32f10x.o
    0x08001dc4   0x08001dc4   0x00000020   Code   RO         3255    i.TIM2_IRQHandler   main.o
    0x08001de4   0x08001de4   0x0000005a   Code   RO         3256    i.TIM2_Init         main.o
    0x08001e3e   0x08001e3e   0x00000018   Code   RO         2409    i.TIM_ARRPreloadConfig  stm32f10x_tim.o
    0x08001e56   0x08001e56   0x00000006   Code   RO         2416    i.TIM_ClearITPendingBit  stm32f10x_tim.o
    0x08001e5c   0x08001e5c   0x00000018   Code   RO         2421    i.TIM_Cmd           stm32f10x_tim.o
    0x08001e74   0x08001e74   0x0000001e   Code   RO         2423    i.TIM_CtrlPWMOutputs  stm32f10x_tim.o
    0x08001e92   0x08001e92   0x00000022   Code   RO         2442    i.TIM_GetITStatus   stm32f10x_tim.o
    0x08001eb4   0x08001eb4   0x00000012   Code   RO         2446    i.TIM_ITConfig      stm32f10x_tim.o
    0x08001ec6   0x08001ec6   0x00000002   PAD
    0x08001ec8   0x08001ec8   0x000000a4   Code   RO         2455    i.TIM_OC2Init       stm32f10x_tim.o
    0x08001f6c   0x08001f6c   0x0000001a   Code   RO         2458    i.TIM_OC2PreloadConfig  stm32f10x_tim.o
    0x08001f86   0x08001f86   0x00000002   PAD
    0x08001f88   0x08001f88   0x000000a0   Code   RO         2460    i.TIM_OC3Init       stm32f10x_tim.o
    0x08002028   0x08002028   0x00000012   Code   RO         2463    i.TIM_OC3PreloadConfig  stm32f10x_tim.o
    0x0800203a   0x0800203a   0x00000004   Code   RO         2483    i.TIM_SetCompare2   stm32f10x_tim.o
    0x0800203e   0x0800203e   0x00000004   Code   RO         2484    i.TIM_SetCompare3   stm32f10x_tim.o
    0x08002042   0x08002042   0x00000002   PAD
    0x08002044   0x08002044   0x000000a4   Code   RO         2492    i.TIM_TimeBaseInit  stm32f10x_tim.o
    0x080020e8   0x080020e8   0x00000038   Code   RO         3257    i.Timer_Check       main.o
    0x08002120   0x08002120   0x00000020   Code   RO         3258    i.Timer_Start       main.o
    0x08002140   0x08002140   0x00000004   Code   RO         3330    i.UsageFault_Handler  stm32f10x_it.o
    0x08002144   0x08002144   0x000000b0   Code   RO         3852    i.digtal            sensor.o
    0x080021f4   0x080021f4   0x000000e8   Code   RO         3259    i.main              main.o
    0x080022dc   0x080022dc   0x0000018c   Code   RO         3621    i.track_zhixian1    line.o
    0x08002468   0x08002468   0x000000c4   Code   RO         3986    x$fpl$fadd          fz_ws.l(faddsub_clz.o)
    0x0800252c   0x0800252c   0x00000018   Code   RO         4015    x$fpl$fcmpinf       fz_ws.l(fcmpi.o)
    0x08002544   0x08002544   0x00000184   Code   RO         3993    x$fpl$fdiv          fz_ws.l(fdiv.o)
    0x080026c8   0x080026c8   0x00000036   Code   RO         3998    x$fpl$ffix          fz_ws.l(ffix.o)
    0x080026fe   0x080026fe   0x00000002   PAD
    0x08002700   0x08002700   0x00000030   Code   RO         4003    x$fpl$fflt          fz_ws.l(fflt_clz.o)
    0x08002730   0x08002730   0x00000068   Code   RO         4008    x$fpl$fleqf         fz_ws.l(fleqf.o)
    0x08002798   0x08002798   0x00000102   Code   RO         4010    x$fpl$fmul          fz_ws.l(fmul.o)
    0x0800289a   0x0800289a   0x0000008c   Code   RO         4017    x$fpl$fnaninf       fz_ws.l(fnaninf.o)
    0x08002926   0x08002926   0x0000000a   Code   RO         4019    x$fpl$fretinf       fz_ws.l(fretinf.o)
    0x08002930   0x08002930   0x00000062   Code   RO         4012    x$fpl$frleqf        fz_ws.l(frleqf.o)
    0x08002992   0x08002992   0x00000002   PAD
    0x08002994   0x08002994   0x000000ea   Code   RO         3988    x$fpl$fsub          fz_ws.l(faddsub_clz.o)
    0x08002a7e   0x08002a7e   0x00000000   Code   RO         4021    x$fpl$usenofp       fz_ws.l(usenofp.o)
    0x08002a7e   0x08002a7e   0x00002000   Data   RO         3541    .constdata          imu660ra_config.o
    0x08004a7e   0x08004a7e   0x000005f0   Data   RO         3888    .constdata          oled.o
    0x0800506e   0x0800506e   0x00000002   PAD
    0x08005070   0x08005070   0x00000020   Data   RO         4174    Region$$Table       anon$$obj.o


    Execution Region RW_IRAM1 (Exec base: 0x20000000, Load base: 0x08005090, Size: 0x00000728, Max: 0x00005000, ABSOLUTE)

    Exec Addr    Load Addr    Size         Type   Attr      Idx    E Section Name        Object

    0x20000000   0x08005090   0x00000020   Data   RW         3260    .data               main.o
    0x20000020   0x080050b0   0x00000003   Data   RW         3390    .data               buzzer.o
    0x20000023   0x080050b3   0x00000001   PAD
    0x20000024   0x080050b4   0x00000027   Data   RW         3456    .data               imu660ra.o
    0x2000004b   0x080050db   0x00000001   PAD
    0x2000004c   0x080050dc   0x00000004   Data   RW         3552    .data               key.o
    0x20000050   0x080050e0   0x00000016   Data   RW         3622    .data               line.o
    0x20000066   0x080050f6   0x00000002   PAD
    0x20000068   0x080050f8   0x00000018   Data   RW         3735    .data               pid.o
    0x20000080        -       0x00000048   Zero   RW         3734    .bss                pid.o
    0x200000c8        -       0x00000060   Zero   RW         4048    .bss                c_w.l(libspace.o)
    0x20000128        -       0x00000200   Zero   RW           18    HEAP                startup_stm32f10x_md.o
    0x20000328        -       0x00000400   Zero   RW           17    STACK               startup_stm32f10x_md.o


==============================================================================

Image component sizes


      Code (inc. data)   RO Data    RW Data    ZI Data      Debug   Object Name

       184         42          0          3          0       1958   buzzer.o
         0          0          0          0          0       4532   core_cm3.o
        70          0          0          0          0        842   delay.o
        64          8          0          0          0        436   gpio.o
      1450        160          0         39          0       8782   imu660ra.o
         0          0       8192          0          0        487   imu660ra_config.o
       244         24          0          4          0       1048   key.o
       556         46          0         22          0       1619   line.o
      2188        246          0         32          0       6538   main.o
       132         22          0          0          0     204531   misc.o
       344         18          0          0          0       4462   myi2c.o
       856         22       1520          0          0       7007   oled.o
       706        102          0         24         72       7384   pid.o
       336         20          0          0          0       1253   pwm.o
       176         16          0          0          0        601   sensor.o
        64         26        236          0       1536        752   startup_stm32f10x_md.o
         0          0          0          0          0       1612   stm32f10x_adc.o
       314          0          0          0          0      12044   stm32f10x_gpio.o
        26          0          0          0          0       3378   stm32f10x_it.o
        64         12          0          0          0        986   stm32f10x_rcc.o
       676         62          0          0          0      27508   stm32f10x_tim.o
       328         28          0          0          0      30233   system_stm32f10x.o

    ----------------------------------------------------------------------
      8804        854       9982        128       1608     327993   Object Totals
         0          0         32          0          0          0   (incl. Generated)
        26          0          2          4          0          0   (incl. Padding)

    ----------------------------------------------------------------------

      Code (inc. data)   RO Data    RW Data    ZI Data      Debug   Library Member Name

         8          0          0          0          0         68   __main.o
         0          0          0          0          0          0   __rtentry.o
        12          0          0          0          0          0   __rtentry2.o
         6          0          0          0          0          0   __rtentry4.o
        52          8          0          0          0          0   __scatter.o
        26          0          0          0          0          0   __scatter_copy.o
        28          0          0          0          0          0   __scatter_zi.o
        18          0          0          0          0         80   exit.o
         6          0          0          0          0        152   heapauxi.o
         0          0          0          0          0          0   indicate_semi.o
         2          0          0          0          0          0   libinit.o
         2          0          0          0          0          0   libinit2.o
         2          0          0          0          0          0   libshutdown.o
         2          0          0          0          0          0   libshutdown2.o
         8          4          0          0         96         68   libspace.o
         2          0          0          0          0          0   rtexit.o
        10          0          0          0          0          0   rtexit2.o
        12          4          0          0          0         68   sys_exit.o
        74          0          0          0          0         80   sys_stackheap_outer.o
         2          0          0          0          0         68   use_no_semi.o
       430          8          0          0          0        168   faddsub_clz.o
        24          0          0          0          0         68   fcmpi.o
       388         76          0          0          0         96   fdiv.o
        54          4          0          0          0         84   ffix.o
        48          0          0          0          0         68   fflt_clz.o
       104          4          0          0          0         84   fleqf.o
       258          4          0          0          0         84   fmul.o
       140          4          0          0          0         84   fnaninf.o
        10          0          0          0          0         68   fretinf.o
        98          0          0          0          0         68   frleqf.o
         0          0          0          0          0          0   usenofp.o

    ----------------------------------------------------------------------
      1838        116          0          0         96       1456   Library Totals
        12          0          0          0          0          0   (incl. Padding)

    ----------------------------------------------------------------------

      Code (inc. data)   RO Data    RW Data    ZI Data      Debug   Library Name

       272         16          0          0         96        584   c_w.l
      1554        100          0          0          0        872   fz_ws.l

    ----------------------------------------------------------------------
      1838        116          0          0         96       1456   Library Totals

    ----------------------------------------------------------------------

==============================================================================


      Code (inc. data)   RO Data    RW Data    ZI Data      Debug   

     10642        970       9982        128       1704     323465   Grand Totals
     10642        970       9982        128       1704     323465   ELF Image Totals
     10642        970       9982        128          0          0   ROM Totals

==============================================================================

    Total RO  Size (Code + RO Data)                20624 (  20.14kB)
    Total RW  Size (RW Data + ZI Data)              1832 (   1.79kB)
    Total ROM Size (Code + RO Data + RW Data)      20752 (  20.27kB)

==============================================================================

